// Jest Snapshot v1, https://goo.gl/fbAQLP

exports[`Build Project has AlloyDB Cluster Relationship should collect data 1`] = `
{
  "collectedEntities": [
    {
      "_class": [
        "Database",
        "DataStore",
        "Cluster",
      ],
      "_key": "google_cloud_alloydb_cluster:projects/j1-gc-integration-dev-v3/locations/asia-south1/clusters/test-cluster-03",
      "_rawData": [
        {
          "name": "default",
          "rawData": {
            "automatedBackupPolicy": {
              "backupWindow": "3600s",
              "enabled": false,
              "location": "asia-south1",
              "timeBasedRetention": {
                "retentionPeriod": "1209600s",
              },
              "weeklySchedule": {
                "daysOfWeek": [
                  "MONDAY",
                  "TUESDAY",
                  "WEDNESDAY",
                  "THURSDAY",
                  "FRIDAY",
                  "SATURDAY",
                  "SUNDAY",
                ],
                "startTimes": [
                  {
                    "hours": 8,
                  },
                ],
              },
            },
            "clusterType": "PRIMARY",
            "continuousBackupConfig": {
              "enabled": true,
              "recoveryWindowDays": 14,
            },
            "continuousBackupInfo": {
              "enabledTime": "2024-04-08T07:41:09.014516139Z",
              "encryptionInfo": {
                "encryptionType": "GOOGLE_DEFAULT_ENCRYPTION",
              },
              "schedule": [
                "MONDAY",
                "TUESDAY",
                "WEDNESDAY",
                "THURSDAY",
                "FRIDAY",
                "SATURDAY",
                "SUNDAY",
              ],
            },
            "createTime": "2024-04-08T07:41:09.251865437Z",
            "databaseVersion": "POSTGRES_15",
            "encryptionInfo": {
              "encryptionType": "GOOGLE_DEFAULT_ENCRYPTION",
            },
            "name": "projects/j1-gc-integration-dev-v3/locations/asia-south1/clusters/test-cluster-03",
            "network": "projects/167984947943/global/networks/default",
            "networkConfig": {
              "network": "projects/167984947943/global/networks/default",
            },
            "reconciling": false,
            "state": "READY",
            "uid": "6a601812-cd9c-413f-b774-a7ad5fcfd8c0",
            "updateTime": "2024-04-11T10:52:14.682259204Z",
          },
        },
      ],
      "_type": "google_cloud_alloydb_cluster",
      "classification": "Database",
      "clusterName": "test-cluster-03",
      "clusterType": "PRIMARY",
      "createdOn": undefined,
      "databaseVersion": "POSTGRES_15",
      "displayName": "projects/j1-gc-integration-dev-v3/locations/asia-south1/clusters/test-cluster-03",
      "encrypted": true,
      "hostname": "test-cluster-03",
      "initialUserName": undefined,
      "initialUserPassword": undefined,
      "kmsKeyName": undefined,
      "location": "asia-south1",
      "name": "projects/j1-gc-integration-dev-v3/locations/asia-south1/clusters/test-cluster-03",
      "networkConfigNetwork": "projects/167984947943/global/networks/default",
      "networkConfigallocatedIpRange": undefined,
      "reconciling": false,
      "state": "READY",
      "uid": "6a601812-cd9c-413f-b774-a7ad5fcfd8c0",
    },
    {
      "_class": [
        "Database",
        "DataStore",
        "Cluster",
      ],
      "_key": "google_cloud_alloydb_cluster:projects/j1-gc-integration-dev-v3/locations/southamerica-west1/clusters/test-alloydb-cluster-2",
      "_rawData": [
        {
          "name": "default",
          "rawData": {
            "automatedBackupPolicy": {
              "backupWindow": "3600s",
              "enabled": false,
              "location": "southamerica-west1",
              "timeBasedRetention": {
                "retentionPeriod": "1209600s",
              },
              "weeklySchedule": {
                "daysOfWeek": [
                  "MONDAY",
                  "TUESDAY",
                  "WEDNESDAY",
                  "THURSDAY",
                  "FRIDAY",
                  "SATURDAY",
                  "SUNDAY",
                ],
                "startTimes": [
                  {
                    "hours": 8,
                  },
                ],
              },
            },
            "clusterType": "PRIMARY",
            "continuousBackupConfig": {
              "enabled": true,
              "recoveryWindowDays": 14,
            },
            "continuousBackupInfo": {
              "enabledTime": "2024-04-08T06:04:05.775478728Z",
              "encryptionInfo": {
                "encryptionType": "GOOGLE_DEFAULT_ENCRYPTION",
              },
              "schedule": [
                "MONDAY",
                "TUESDAY",
                "WEDNESDAY",
                "THURSDAY",
                "FRIDAY",
                "SATURDAY",
                "SUNDAY",
              ],
            },
            "createTime": "2024-04-08T06:04:06.022689568Z",
            "databaseVersion": "POSTGRES_14",
            "encryptionInfo": {
              "encryptionType": "GOOGLE_DEFAULT_ENCRYPTION",
            },
            "name": "projects/j1-gc-integration-dev-v3/locations/southamerica-west1/clusters/test-alloydb-cluster-2",
            "network": "projects/167984947943/global/networks/default",
            "networkConfig": {
              "network": "projects/167984947943/global/networks/default",
            },
            "reconciling": false,
            "state": "READY",
            "uid": "77ad0b2b-b129-491c-9954-a9526df1d684",
            "updateTime": "2024-04-11T10:39:04.810266479Z",
          },
        },
      ],
      "_type": "google_cloud_alloydb_cluster",
      "classification": "Database",
      "clusterName": "test-alloydb-cluster-2",
      "clusterType": "PRIMARY",
      "createdOn": undefined,
      "databaseVersion": "POSTGRES_14",
      "displayName": "projects/j1-gc-integration-dev-v3/locations/southamerica-west1/clusters/test-alloydb-cluster-2",
      "encrypted": true,
      "hostname": "test-alloydb-cluster-2",
      "initialUserName": undefined,
      "initialUserPassword": undefined,
      "kmsKeyName": undefined,
      "location": "southamerica-west1",
      "name": "projects/j1-gc-integration-dev-v3/locations/southamerica-west1/clusters/test-alloydb-cluster-2",
      "networkConfigNetwork": "projects/167984947943/global/networks/default",
      "networkConfigallocatedIpRange": undefined,
      "reconciling": false,
      "state": "READY",
      "uid": "77ad0b2b-b129-491c-9954-a9526df1d684",
    },
    {
      "_class": [
        "Database",
        "DataStore",
        "Cluster",
      ],
      "_key": "google_cloud_alloydb_cluster:projects/j1-gc-integration-dev-v3/locations/us-central1/clusters/test-alloydb-cluster-by-metron-team",
      "_rawData": [
        {
          "name": "default",
          "rawData": {
            "automatedBackupPolicy": {
              "backupWindow": "3600s",
              "enabled": false,
              "location": "us-central1",
              "timeBasedRetention": {
                "retentionPeriod": "1209600s",
              },
              "weeklySchedule": {
                "daysOfWeek": [
                  "MONDAY",
                  "TUESDAY",
                  "WEDNESDAY",
                  "THURSDAY",
                  "FRIDAY",
                  "SATURDAY",
                  "SUNDAY",
                ],
                "startTimes": [
                  {
                    "hours": 8,
                  },
                ],
              },
            },
            "clusterType": "PRIMARY",
            "continuousBackupConfig": {
              "enabled": true,
              "recoveryWindowDays": 14,
            },
            "continuousBackupInfo": {
              "enabledTime": "2024-04-08T05:57:11.426010402Z",
              "encryptionInfo": {
                "encryptionType": "GOOGLE_DEFAULT_ENCRYPTION",
              },
              "schedule": [
                "MONDAY",
                "TUESDAY",
                "WEDNESDAY",
                "THURSDAY",
                "FRIDAY",
                "SATURDAY",
                "SUNDAY",
              ],
            },
            "createTime": "2024-04-08T05:57:11.552941920Z",
            "databaseVersion": "POSTGRES_15",
            "encryptionInfo": {
              "encryptionType": "GOOGLE_DEFAULT_ENCRYPTION",
            },
            "name": "projects/j1-gc-integration-dev-v3/locations/us-central1/clusters/test-alloydb-cluster-by-metron-team",
            "network": "projects/167984947943/global/networks/default",
            "networkConfig": {
              "allocatedIpRange": "test",
              "network": "projects/167984947943/global/networks/default",
            },
            "reconciling": false,
            "state": "READY",
            "uid": "5fb9ec08-bd7c-44c8-a231-1e72561d8649",
            "updateTime": "2024-04-11T11:54:35.404940450Z",
          },
        },
      ],
      "_type": "google_cloud_alloydb_cluster",
      "classification": "Database",
      "clusterName": "test-alloydb-cluster-by-metron-team",
      "clusterType": "PRIMARY",
      "createdOn": undefined,
      "databaseVersion": "POSTGRES_15",
      "displayName": "projects/j1-gc-integration-dev-v3/locations/us-central1/clusters/test-alloydb-cluster-by-metron-team",
      "encrypted": true,
      "hostname": "test-alloydb-cluster-by-metron-team",
      "initialUserName": undefined,
      "initialUserPassword": undefined,
      "kmsKeyName": undefined,
      "location": "us-central1",
      "name": "projects/j1-gc-integration-dev-v3/locations/us-central1/clusters/test-alloydb-cluster-by-metron-team",
      "networkConfigNetwork": "projects/167984947943/global/networks/default",
      "networkConfigallocatedIpRange": "test",
      "reconciling": false,
      "state": "READY",
      "uid": "5fb9ec08-bd7c-44c8-a231-1e72561d8649",
    },
    {
      "_class": [
        "Database",
        "DataStore",
        "Cluster",
      ],
      "_key": "google_cloud_alloydb_cluster:projects/j1-gc-integration-dev-v3/locations/us-east4/clusters/cluster-01",
      "_rawData": [
        {
          "name": "default",
          "rawData": {
            "automatedBackupPolicy": {
              "backupWindow": "3600s",
              "enabled": false,
              "location": "us-east4",
              "timeBasedRetention": {
                "retentionPeriod": "1209600s",
              },
              "weeklySchedule": {
                "daysOfWeek": [
                  "MONDAY",
                  "TUESDAY",
                  "WEDNESDAY",
                  "THURSDAY",
                  "FRIDAY",
                  "SATURDAY",
                  "SUNDAY",
                ],
                "startTimes": [
                  {
                    "hours": 8,
                  },
                ],
              },
            },
            "clusterType": "PRIMARY",
            "continuousBackupConfig": {
              "enabled": true,
              "recoveryWindowDays": 14,
            },
            "continuousBackupInfo": {
              "enabledTime": "2024-04-08T08:28:25.585092652Z",
              "encryptionInfo": {
                "encryptionType": "GOOGLE_DEFAULT_ENCRYPTION",
              },
              "schedule": [
                "MONDAY",
                "TUESDAY",
                "WEDNESDAY",
                "THURSDAY",
                "FRIDAY",
                "SATURDAY",
                "SUNDAY",
              ],
            },
            "createTime": "2024-04-08T08:28:25.670796510Z",
            "databaseVersion": "POSTGRES_15",
            "encryptionInfo": {
              "encryptionType": "GOOGLE_DEFAULT_ENCRYPTION",
            },
            "name": "projects/j1-gc-integration-dev-v3/locations/us-east4/clusters/cluster-01",
            "network": "projects/167984947943/global/networks/test-network",
            "networkConfig": {
              "network": "projects/167984947943/global/networks/test-network",
            },
            "reconciling": false,
            "state": "READY",
            "uid": "5f16156c-e137-4533-9e88-e4ef13908c08",
            "updateTime": "2024-04-11T09:39:52.394640332Z",
          },
        },
      ],
      "_type": "google_cloud_alloydb_cluster",
      "classification": "Database",
      "clusterName": "cluster-01",
      "clusterType": "PRIMARY",
      "createdOn": undefined,
      "databaseVersion": "POSTGRES_15",
      "displayName": "projects/j1-gc-integration-dev-v3/locations/us-east4/clusters/cluster-01",
      "encrypted": true,
      "hostname": "cluster-01",
      "initialUserName": undefined,
      "initialUserPassword": undefined,
      "kmsKeyName": undefined,
      "location": "us-east4",
      "name": "projects/j1-gc-integration-dev-v3/locations/us-east4/clusters/cluster-01",
      "networkConfigNetwork": "projects/167984947943/global/networks/test-network",
      "networkConfigallocatedIpRange": undefined,
      "reconciling": false,
      "state": "READY",
      "uid": "5f16156c-e137-4533-9e88-e4ef13908c08",
    },
    {
      "_class": [
        "Database",
        "DataStore",
        "Cluster",
      ],
      "_key": "google_cloud_alloydb_cluster:projects/j1-gc-integration-dev-v3/locations/us-east4/clusters/cluster-05",
      "_rawData": [
        {
          "name": "default",
          "rawData": {
            "automatedBackupPolicy": {
              "backupWindow": "3600s",
              "enabled": false,
              "location": "us-east4",
              "timeBasedRetention": {
                "retentionPeriod": "1209600s",
              },
              "weeklySchedule": {
                "daysOfWeek": [
                  "MONDAY",
                  "TUESDAY",
                  "WEDNESDAY",
                  "THURSDAY",
                  "FRIDAY",
                  "SATURDAY",
                  "SUNDAY",
                ],
                "startTimes": [
                  {
                    "hours": 8,
                  },
                ],
              },
            },
            "clusterType": "PRIMARY",
            "continuousBackupConfig": {
              "enabled": true,
              "encryptionConfig": {
                "kmsKeyName": "projects/j1-gc-integration-dev-v3/locations/us-east4/keyRings/test-Keyring-by-metron/cryptoKeys/High",
              },
              "recoveryWindowDays": 14,
            },
            "continuousBackupInfo": {
              "enabledTime": "2024-04-10T11:23:01.036554878Z",
              "encryptionInfo": {
                "encryptionType": "CUSTOMER_MANAGED_ENCRYPTION",
                "kmsKeyVersions": [
                  "projects/j1-gc-integration-dev-v3/locations/us-east4/keyRings/test-Keyring-by-metron/cryptoKeys/High/cryptoKeyVersions/1",
                ],
              },
              "schedule": [
                "MONDAY",
                "TUESDAY",
                "WEDNESDAY",
                "THURSDAY",
                "FRIDAY",
                "SATURDAY",
                "SUNDAY",
              ],
            },
            "createTime": "2024-04-10T11:23:01.251059714Z",
            "databaseVersion": "POSTGRES_15",
            "encryptionConfig": {
              "kmsKeyName": "projects/j1-gc-integration-dev-v3/locations/us-east4/keyRings/test-Keyring-by-metron/cryptoKeys/High",
            },
            "encryptionInfo": {
              "encryptionType": "CUSTOMER_MANAGED_ENCRYPTION",
              "kmsKeyVersions": [
                "projects/j1-gc-integration-dev-v3/locations/us-east4/keyRings/test-Keyring-by-metron/cryptoKeys/High/cryptoKeyVersions/1",
              ],
            },
            "name": "projects/j1-gc-integration-dev-v3/locations/us-east4/clusters/cluster-05",
            "network": "projects/167984947943/global/networks/test-network",
            "networkConfig": {
              "network": "projects/167984947943/global/networks/test-network",
            },
            "reconciling": false,
            "state": "READY",
            "uid": "2d2051af-2261-4a36-9701-080bf296ee2b",
            "updateTime": "2024-04-11T09:39:52.776820230Z",
          },
        },
      ],
      "_type": "google_cloud_alloydb_cluster",
      "classification": "Database",
      "clusterName": "cluster-05",
      "clusterType": "PRIMARY",
      "createdOn": undefined,
      "databaseVersion": "POSTGRES_15",
      "displayName": "projects/j1-gc-integration-dev-v3/locations/us-east4/clusters/cluster-05",
      "encrypted": true,
      "hostname": "cluster-05",
      "initialUserName": undefined,
      "initialUserPassword": undefined,
      "kmsKeyName": "projects/j1-gc-integration-dev-v3/locations/us-east4/keyRings/test-Keyring-by-metron/cryptoKeys/High",
      "location": "us-east4",
      "name": "projects/j1-gc-integration-dev-v3/locations/us-east4/clusters/cluster-05",
      "networkConfigNetwork": "projects/167984947943/global/networks/test-network",
      "networkConfigallocatedIpRange": undefined,
      "reconciling": false,
      "state": "READY",
      "uid": "2d2051af-2261-4a36-9701-080bf296ee2b",
    },
    {
      "_class": [
        "Account",
      ],
      "_key": "projects/167984947943",
      "_rawData": [
        {
          "name": "default",
          "rawData": {
            "createTime": "2021-05-31T15:15:56.125Z",
            "displayName": "j1-gc-integration-dev-v3",
            "etag": "W/"8f56735f6f3d890d"",
            "labels": {
              "firebase": "enabled",
            },
            "name": "projects/167984947943",
            "parent": "folders/306329820365",
            "projectId": "j1-gc-integration-dev-v3",
            "state": "ACTIVE",
            "updateTime": "2024-02-27T16:17:58.322524Z",
          },
        },
      ],
      "_type": "google_cloud_project",
      "createdOn": 1622474156125,
      "displayName": "j1-gc-integration-dev-v3",
      "id": "j1-gc-integration-dev-v3",
      "lifecycleState": "ACTIVE",
      "name": "projects/167984947943",
      "parent": "folders/306329820365",
      "projectId": "j1-gc-integration-dev-v3",
      "tag.firebase": "enabled",
      "updatedOn": 1709050678322,
      "webLink": "https://console.cloud.google.com/home/dashboard?project=j1-gc-integration-dev-v3",
    },
  ],
  "collectedRelationships": [
    {
      "_class": "HAS",
      "_fromEntityKey": "projects/167984947943",
      "_key": "projects/167984947943|has|google_cloud_alloydb_cluster:projects/j1-gc-integration-dev-v3/locations/asia-south1/clusters/test-cluster-03",
      "_toEntityKey": "google_cloud_alloydb_cluster:projects/j1-gc-integration-dev-v3/locations/asia-south1/clusters/test-cluster-03",
      "_type": "google_cloud_project_has_alloydb_cluster",
      "displayName": "HAS",
    },
    {
      "_class": "HAS",
      "_fromEntityKey": "projects/167984947943",
      "_key": "projects/167984947943|has|google_cloud_alloydb_cluster:projects/j1-gc-integration-dev-v3/locations/southamerica-west1/clusters/test-alloydb-cluster-2",
      "_toEntityKey": "google_cloud_alloydb_cluster:projects/j1-gc-integration-dev-v3/locations/southamerica-west1/clusters/test-alloydb-cluster-2",
      "_type": "google_cloud_project_has_alloydb_cluster",
      "displayName": "HAS",
    },
    {
      "_class": "HAS",
      "_fromEntityKey": "projects/167984947943",
      "_key": "projects/167984947943|has|google_cloud_alloydb_cluster:projects/j1-gc-integration-dev-v3/locations/us-central1/clusters/test-alloydb-cluster-by-metron-team",
      "_toEntityKey": "google_cloud_alloydb_cluster:projects/j1-gc-integration-dev-v3/locations/us-central1/clusters/test-alloydb-cluster-by-metron-team",
      "_type": "google_cloud_project_has_alloydb_cluster",
      "displayName": "HAS",
    },
    {
      "_class": "HAS",
      "_fromEntityKey": "projects/167984947943",
      "_key": "projects/167984947943|has|google_cloud_alloydb_cluster:projects/j1-gc-integration-dev-v3/locations/us-east4/clusters/cluster-01",
      "_toEntityKey": "google_cloud_alloydb_cluster:projects/j1-gc-integration-dev-v3/locations/us-east4/clusters/cluster-01",
      "_type": "google_cloud_project_has_alloydb_cluster",
      "displayName": "HAS",
    },
    {
      "_class": "HAS",
      "_fromEntityKey": "projects/167984947943",
      "_key": "projects/167984947943|has|google_cloud_alloydb_cluster:projects/j1-gc-integration-dev-v3/locations/us-east4/clusters/cluster-05",
      "_toEntityKey": "google_cloud_alloydb_cluster:projects/j1-gc-integration-dev-v3/locations/us-east4/clusters/cluster-05",
      "_type": "google_cloud_project_has_alloydb_cluster",
      "displayName": "HAS",
    },
  ],
  "encounteredTypes": [
    "google_cloud_alloydb_cluster",
    "google_cloud_project",
    "google_cloud_project_has_alloydb_cluster",
  ],
  "numCollectedEntities": 6,
  "numCollectedRelationships": 5,
}
`;
