// Jest Snapshot v1, https://goo.gl/fbAQLP

exports[`#fetchMetrics should collect data 1`] = `
Object {
  "collectedEntities": Array [
    Object {
      "_class": Array [
        "Policy",
      ],
      "_key": "projects/j1-gc-integration-dev-v2/alertPolicies/8900061597970753716",
      "_rawData": Array [
        Object {
          "name": "default",
          "rawData": Object {
            "combiner": "OR",
            "conditions": Array [
              Object {
                "conditionThreshold": Object {
                  "aggregations": Array [
                    Object {
                      "alignmentPeriod": "300s",
                      "perSeriesAligner": "ALIGN_RATE",
                    },
                  ],
                  "comparison": "COMPARISON_GT",
                  "duration": "0s",
                  "filter": "metric.type=\\"logging.googleapis.com/user/my-example-metric\\" AND resource.type=\\"metric\\"",
                  "trigger": Object {
                    "count": 1,
                  },
                },
                "displayName": "test condition",
                "name": "projects/j1-gc-integration-dev-v2/alertPolicies/8900061597970753716/conditions/8900061597970755317",
              },
            ],
            "creationRecord": Object {
              "mutateTime": "2021-02-19T13:41:42.161511391Z",
              "mutatedBy": "j1-gc-integration-dev-v2-tf@j1-gc-integration-dev-v2.iam.gserviceaccount.com",
            },
            "displayName": "Example Alert Policy",
            "enabled": true,
            "mutationRecord": Object {
              "mutateTime": "2021-02-19T13:41:42.161511391Z",
              "mutatedBy": "j1-gc-integration-dev-v2-tf@j1-gc-integration-dev-v2.iam.gserviceaccount.com",
            },
            "name": "projects/j1-gc-integration-dev-v2/alertPolicies/8900061597970753716",
          },
        },
      ],
      "_type": "google_monitoring_alert_policy",
      "conditionFilters": Array [
        "metric.type=\\"logging.googleapis.com/user/my-example-metric\\" AND resource.type=\\"metric\\"",
      ],
      "content": "",
      "createdOn": 1613742102161,
      "displayName": "Example Alert Policy",
      "enabled": true,
      "name": "Example Alert Policy",
      "summary": "Alert policy that is triggered based on some metric",
      "title": "Alert policy",
      "updatedOn": 1613742102161,
      "webLink": "https://console.cloud.google.com/monitoring/alerting/policies/8900061597970753716?project=j1-gc-integration-dev-v2",
    },
    Object {
      "_class": Array [
        "Configuration",
      ],
      "_key": "my-example-metric",
      "_rawData": Array [
        Object {
          "name": "default",
          "rawData": Object {
            "createTime": "2021-02-17T23:05:06.358873155Z",
            "filter": "protoPayload.methodName=\\"SetIamPolicy\\" AND protoPayload.serviceData.policyDelta.auditConfigDeltas:*",
            "labelExtractors": Object {
              "occurences": "EXTRACT(textPayload)",
            },
            "metricDescriptor": Object {
              "displayName": "My metric",
              "labels": Array [
                Object {
                  "key": "occurences",
                  "valueType": "INT64",
                },
              ],
              "metricKind": "DELTA",
              "name": "projects/j1-gc-integration-dev-v2/metricDescriptors/logging.googleapis.com/user/my-example-metric",
              "type": "logging.googleapis.com/user/my-example-metric",
              "unit": "1",
              "valueType": "INT64",
            },
            "name": "my-example-metric",
            "updateTime": "2021-02-17T23:05:06.358873155Z",
          },
        },
      ],
      "_type": "google_logging_metric",
      "createdOn": 1613603106358,
      "displayName": "my-example-metric",
      "filter": "protoPayload.methodName=\\"SetIamPolicy\\" AND protoPayload.serviceData.policyDelta.auditConfigDeltas:*",
      "name": "my-example-metric",
      "updatedOn": 1613603106358,
      "webLink": "https://console.cloud.google.com/logs/metrics?project=j1-gc-integration-dev-v2",
    },
  ],
  "collectedRelationships": Array [
    Object {
      "_class": "HAS",
      "_fromEntityKey": "my-example-metric",
      "_key": "my-example-metric|has|projects/j1-gc-integration-dev-v2/alertPolicies/8900061597970753716",
      "_toEntityKey": "projects/j1-gc-integration-dev-v2/alertPolicies/8900061597970753716",
      "_type": "google_logging_metric_has_monitoring_alert_policy",
      "displayName": "HAS",
    },
  ],
  "encounteredTypes": Array [
    "google_monitoring_alert_policy",
    "google_logging_metric",
    "google_logging_metric_has_monitoring_alert_policy",
  ],
  "numCollectedEntities": 2,
  "numCollectedRelationships": 1,
}
`;

exports[`#fetchProjectSinks should collect data 1`] = `
Object {
  "collectedEntities": Array [
    Object {
      "_class": Array [
        "DataStore",
      ],
      "_key": "bucket:gcf-sources-711888229551-us-central1",
      "_rawData": Array [
        Object {
          "name": "default",
          "rawData": Object {
            "cors": Array [
              Object {
                "method": Array [
                  "GET",
                ],
                "origin": Array [
                  "https://*.cloud.google.com",
                  "https://*.corp.google.com",
                  "https://*.corp.google.com:*",
                ],
              },
            ],
            "etag": "CAE=",
            "iamConfiguration": Object {
              "bucketPolicyOnly": Object {
                "enabled": true,
                "lockedTime": "2021-05-19T00:04:30.131Z",
              },
              "uniformBucketLevelAccess": Object {
                "enabled": true,
                "lockedTime": "2021-05-19T00:04:30.131Z",
              },
            },
            "id": "gcf-sources-711888229551-us-central1",
            "kind": "storage#bucket",
            "location": "US-CENTRAL1",
            "locationType": "region",
            "metageneration": "1",
            "name": "gcf-sources-711888229551-us-central1",
            "projectNumber": "711888229551",
            "selfLink": "https://www.googleapis.com/storage/v1/b/gcf-sources-711888229551-us-central1",
            "storageClass": "STANDARD",
            "timeCreated": "2021-02-18T00:04:30.131Z",
            "updated": "2021-02-18T00:04:30.131Z",
          },
        },
      ],
      "_type": "google_storage_bucket",
      "accessLevel": "private",
      "accessLevelCondition": undefined,
      "accessLevelIsConditional": false,
      "classification": null,
      "createdOn": 1613606670131,
      "displayName": "gcf-sources-711888229551-us-central1",
      "encrypted": true,
      "encryptionKeyRef": undefined,
      "etag": "CAE=",
      "id": "gcf-sources-711888229551-us-central1",
      "kmsKeyName": undefined,
      "location": "US-CENTRAL1",
      "name": "gcf-sources-711888229551-us-central1",
      "public": false,
      "retentionDate": undefined,
      "retentionPeriod": undefined,
      "retentionPolicyEnabled": undefined,
      "storageClass": "STANDARD",
      "uniformBucketLevelAccess": true,
      "updatedOn": 1613606670131,
      "webLink": "https://console.cloud.google.com/storage/browser/gcf-sources-711888229551-us-central1;tab=objects?forceOnBucketsSortingFiltering=false&project=j1-gc-integration-dev-v2",
    },
    Object {
      "_class": Array [
        "DataStore",
      ],
      "_key": "bucket:j1-gc-integration-dev-v2-sink-logging-bucket",
      "_rawData": Array [
        Object {
          "name": "default",
          "rawData": Object {
            "etag": "CAE=",
            "iamConfiguration": Object {
              "bucketPolicyOnly": Object {
                "enabled": false,
              },
              "uniformBucketLevelAccess": Object {
                "enabled": false,
              },
            },
            "id": "j1-gc-integration-dev-v2-sink-logging-bucket",
            "kind": "storage#bucket",
            "location": "US",
            "locationType": "multi-region",
            "metageneration": "1",
            "name": "j1-gc-integration-dev-v2-sink-logging-bucket",
            "projectNumber": "711888229551",
            "selfLink": "https://www.googleapis.com/storage/v1/b/j1-gc-integration-dev-v2-sink-logging-bucket",
            "storageClass": "STANDARD",
            "timeCreated": "2021-02-18T00:31:30.869Z",
            "updated": "2021-02-18T00:31:30.869Z",
          },
        },
      ],
      "_type": "google_storage_bucket",
      "accessLevel": "SubjectToObjectACLs",
      "accessLevelCondition": "Subject to object ACLs",
      "accessLevelIsConditional": true,
      "classification": null,
      "createdOn": 1613608290869,
      "displayName": "j1-gc-integration-dev-v2-sink-logging-bucket",
      "encrypted": true,
      "encryptionKeyRef": undefined,
      "etag": "CAE=",
      "id": "j1-gc-integration-dev-v2-sink-logging-bucket",
      "kmsKeyName": undefined,
      "location": "US",
      "name": "j1-gc-integration-dev-v2-sink-logging-bucket",
      "public": false,
      "retentionDate": undefined,
      "retentionPeriod": undefined,
      "retentionPolicyEnabled": undefined,
      "storageClass": "STANDARD",
      "uniformBucketLevelAccess": false,
      "updatedOn": 1613608290869,
      "webLink": "https://console.cloud.google.com/storage/browser/j1-gc-integration-dev-v2-sink-logging-bucket;tab=objects?forceOnBucketsSortingFiltering=false&project=j1-gc-integration-dev-v2",
    },
    Object {
      "_class": Array [
        "DataStore",
      ],
      "_key": "bucket:j1-gc-integration-dev-v2cloudfunctions",
      "_rawData": Array [
        Object {
          "name": "default",
          "rawData": Object {
            "etag": "CAE=",
            "iamConfiguration": Object {
              "bucketPolicyOnly": Object {
                "enabled": false,
              },
              "uniformBucketLevelAccess": Object {
                "enabled": false,
              },
            },
            "id": "j1-gc-integration-dev-v2cloudfunctions",
            "kind": "storage#bucket",
            "location": "US",
            "locationType": "multi-region",
            "metageneration": "1",
            "name": "j1-gc-integration-dev-v2cloudfunctions",
            "projectNumber": "711888229551",
            "selfLink": "https://www.googleapis.com/storage/v1/b/j1-gc-integration-dev-v2cloudfunctions",
            "storageClass": "STANDARD",
            "timeCreated": "2021-02-17T23:05:05.322Z",
            "updated": "2021-02-17T23:05:05.322Z",
          },
        },
      ],
      "_type": "google_storage_bucket",
      "accessLevel": "SubjectToObjectACLs",
      "accessLevelCondition": "Subject to object ACLs",
      "accessLevelIsConditional": true,
      "classification": null,
      "createdOn": 1613603105322,
      "displayName": "j1-gc-integration-dev-v2cloudfunctions",
      "encrypted": true,
      "encryptionKeyRef": undefined,
      "etag": "CAE=",
      "id": "j1-gc-integration-dev-v2cloudfunctions",
      "kmsKeyName": undefined,
      "location": "US",
      "name": "j1-gc-integration-dev-v2cloudfunctions",
      "public": false,
      "retentionDate": undefined,
      "retentionPeriod": undefined,
      "retentionPolicyEnabled": undefined,
      "storageClass": "STANDARD",
      "uniformBucketLevelAccess": false,
      "updatedOn": 1613603105322,
      "webLink": "https://console.cloud.google.com/storage/browser/j1-gc-integration-dev-v2cloudfunctions;tab=objects?forceOnBucketsSortingFiltering=false&project=j1-gc-integration-dev-v2",
    },
    Object {
      "_class": Array [
        "DataStore",
      ],
      "_key": "bucket:us.artifacts.j1-gc-integration-dev-v2.appspot.com",
      "_rawData": Array [
        Object {
          "name": "default",
          "rawData": Object {
            "etag": "CAE=",
            "iamConfiguration": Object {
              "bucketPolicyOnly": Object {
                "enabled": false,
              },
              "uniformBucketLevelAccess": Object {
                "enabled": false,
              },
            },
            "id": "us.artifacts.j1-gc-integration-dev-v2.appspot.com",
            "kind": "storage#bucket",
            "location": "US",
            "locationType": "multi-region",
            "metageneration": "1",
            "name": "us.artifacts.j1-gc-integration-dev-v2.appspot.com",
            "projectNumber": "711888229551",
            "selfLink": "https://www.googleapis.com/storage/v1/b/us.artifacts.j1-gc-integration-dev-v2.appspot.com",
            "storageClass": "STANDARD",
            "timeCreated": "2021-02-18T00:25:22.127Z",
            "updated": "2021-02-18T00:25:22.127Z",
          },
        },
      ],
      "_type": "google_storage_bucket",
      "accessLevel": "SubjectToObjectACLs",
      "accessLevelCondition": "Subject to object ACLs",
      "accessLevelIsConditional": true,
      "classification": null,
      "createdOn": 1613607922127,
      "displayName": "us.artifacts.j1-gc-integration-dev-v2.appspot.com",
      "encrypted": true,
      "encryptionKeyRef": undefined,
      "etag": "CAE=",
      "id": "us.artifacts.j1-gc-integration-dev-v2.appspot.com",
      "kmsKeyName": undefined,
      "location": "US",
      "name": "us.artifacts.j1-gc-integration-dev-v2.appspot.com",
      "public": false,
      "retentionDate": undefined,
      "retentionPeriod": undefined,
      "retentionPolicyEnabled": undefined,
      "storageClass": "STANDARD",
      "uniformBucketLevelAccess": false,
      "updatedOn": 1613607922127,
      "webLink": "https://console.cloud.google.com/storage/browser/us.artifacts.j1-gc-integration-dev-v2.appspot.com;tab=objects?forceOnBucketsSortingFiltering=false&project=j1-gc-integration-dev-v2",
    },
    Object {
      "_class": Array [
        "Logs",
      ],
      "_key": "google_logging_log_sink:my-instance-sink",
      "_rawData": Array [
        Object {
          "name": "default",
          "rawData": Object {
            "createTime": "2021-02-18T00:31:31.329464207Z",
            "description": "an example sink",
            "destination": "storage.googleapis.com/j1-gc-integration-dev-v2-sink-logging-bucket",
            "name": "my-instance-sink",
            "updateTime": "2021-02-18T00:31:31.329464207Z",
            "writerIdentity": "serviceAccount:cloud-logs@system.gserviceaccount.com",
          },
        },
      ],
      "_type": "google_logging_project_sink",
      "createdOn": 1613608291329,
      "description": "an example sink",
      "destination": "storage.googleapis.com/j1-gc-integration-dev-v2-sink-logging-bucket",
      "displayName": "my-instance-sink",
      "filter": undefined,
      "name": "my-instance-sink",
      "updatedOn": 1613608291329,
      "webLink": "https://console.cloud.google.com/logs/router?project=j1-gc-integration-dev-v2",
    },
    Object {
      "_class": Array [
        "Logs",
      ],
      "_key": "google_logging_log_sink:_Required",
      "_rawData": Array [
        Object {
          "name": "default",
          "rawData": Object {
            "destination": "logging.googleapis.com/projects/j1-gc-integration-dev-v2/locations/global/buckets/_Required",
            "filter": "LOG_ID(\\"cloudaudit.googleapis.com/activity\\") OR LOG_ID(\\"externalaudit.googleapis.com/activity\\") OR LOG_ID(\\"cloudaudit.googleapis.com/system_event\\") OR LOG_ID(\\"externalaudit.googleapis.com/system_event\\") OR LOG_ID(\\"cloudaudit.googleapis.com/access_transparency\\") OR LOG_ID(\\"externalaudit.googleapis.com/access_transparency\\")",
            "name": "_Required",
          },
        },
      ],
      "_type": "google_logging_project_sink",
      "createdOn": undefined,
      "destination": "logging.googleapis.com/projects/j1-gc-integration-dev-v2/locations/global/buckets/_Required",
      "displayName": "_Required",
      "filter": "LOG_ID(\\"cloudaudit.googleapis.com/activity\\") OR LOG_ID(\\"externalaudit.googleapis.com/activity\\") OR LOG_ID(\\"cloudaudit.googleapis.com/system_event\\") OR LOG_ID(\\"externalaudit.googleapis.com/system_event\\") OR LOG_ID(\\"cloudaudit.googleapis.com/access_transparency\\") OR LOG_ID(\\"externalaudit.googleapis.com/access_transparency\\")",
      "name": "_Required",
      "updatedOn": undefined,
      "webLink": "https://console.cloud.google.com/logs/router?project=j1-gc-integration-dev-v2",
    },
    Object {
      "_class": Array [
        "Logs",
      ],
      "_key": "google_logging_log_sink:_Default",
      "_rawData": Array [
        Object {
          "name": "default",
          "rawData": Object {
            "destination": "logging.googleapis.com/projects/j1-gc-integration-dev-v2/locations/global/buckets/_Default",
            "filter": "NOT LOG_ID(\\"cloudaudit.googleapis.com/activity\\") AND NOT LOG_ID(\\"externalaudit.googleapis.com/activity\\") AND NOT LOG_ID(\\"cloudaudit.googleapis.com/system_event\\") AND NOT LOG_ID(\\"externalaudit.googleapis.com/system_event\\") AND NOT LOG_ID(\\"cloudaudit.googleapis.com/access_transparency\\") AND NOT LOG_ID(\\"externalaudit.googleapis.com/access_transparency\\")",
            "name": "_Default",
          },
        },
      ],
      "_type": "google_logging_project_sink",
      "createdOn": undefined,
      "destination": "logging.googleapis.com/projects/j1-gc-integration-dev-v2/locations/global/buckets/_Default",
      "displayName": "_Default",
      "filter": "NOT LOG_ID(\\"cloudaudit.googleapis.com/activity\\") AND NOT LOG_ID(\\"externalaudit.googleapis.com/activity\\") AND NOT LOG_ID(\\"cloudaudit.googleapis.com/system_event\\") AND NOT LOG_ID(\\"externalaudit.googleapis.com/system_event\\") AND NOT LOG_ID(\\"cloudaudit.googleapis.com/access_transparency\\") AND NOT LOG_ID(\\"externalaudit.googleapis.com/access_transparency\\")",
      "name": "_Default",
      "updatedOn": undefined,
      "webLink": "https://console.cloud.google.com/logs/router?project=j1-gc-integration-dev-v2",
    },
  ],
  "collectedRelationships": Array [
    Object {
      "_class": "USES",
      "_fromEntityKey": "google_logging_log_sink:my-instance-sink",
      "_key": "google_logging_log_sink:my-instance-sink|uses|bucket:j1-gc-integration-dev-v2-sink-logging-bucket",
      "_toEntityKey": "bucket:j1-gc-integration-dev-v2-sink-logging-bucket",
      "_type": "google_logging_project_sink_uses_storage_bucket",
      "displayName": "USES",
    },
  ],
  "encounteredTypes": Array [
    "google_storage_bucket",
    "google_logging_project_sink",
    "google_logging_project_sink_uses_storage_bucket",
  ],
  "numCollectedEntities": 7,
  "numCollectedRelationships": 1,
}
`;
