// Jest Snapshot v1, https://goo.gl/fbAQLP

exports[`#fetchAlertPolicies should collect data 1`] = `
{
  "collectedEntities": [
    {
      "_class": [
        "Policy",
      ],
      "_key": "projects/j1-gc-integration-dev-v2/alertPolicies/8900061597970753716",
      "_rawData": [
        {
          "name": "default",
          "rawData": {
            "combiner": "OR",
            "conditions": [
              {
                "conditionThreshold": {
                  "aggregations": [
                    {
                      "alignmentPeriod": "300s",
                      "perSeriesAligner": "ALIGN_RATE",
                    },
                  ],
                  "comparison": "COMPARISON_GT",
                  "duration": "0s",
                  "filter": "metric.type="logging.googleapis.com/user/my-example-metric" AND resource.type="metric"",
                  "trigger": {
                    "count": 1,
                  },
                },
                "displayName": "test condition",
                "name": "projects/j1-gc-integration-dev-v2/alertPolicies/8900061597970753716/conditions/8900061597970755317",
              },
            ],
            "creationRecord": {
              "mutateTime": "2021-02-19T13:41:42.161511391Z",
              "mutatedBy": "j1-gc-integration-dev-v2-tf@j1-gc-integration-dev-v2.iam.gserviceaccount.com",
            },
            "displayName": "Example Alert Policy",
            "enabled": true,
            "mutationRecord": {
              "mutateTime": "2021-02-19T13:41:42.161511391Z",
              "mutatedBy": "j1-gc-integration-dev-v2-tf@j1-gc-integration-dev-v2.iam.gserviceaccount.com",
            },
            "name": "projects/j1-gc-integration-dev-v2/alertPolicies/8900061597970753716",
          },
        },
      ],
      "_type": "google_monitoring_alert_policy",
      "conditionFilters": [
        "metric.type="logging.googleapis.com/user/my-example-metric" AND resource.type="metric"",
      ],
      "content": "",
      "createdOn": 1613742102161,
      "displayName": "Example Alert Policy",
      "enabled": true,
      "name": "Example Alert Policy",
      "summary": "Alert policy that is triggered based on some metric",
      "title": "Alert policy",
      "updatedOn": 1613742102161,
      "webLink": "https://console.cloud.google.com/monitoring/alerting/policies/8900061597970753716?project=j1-gc-integration-dev-v2",
    },
  ],
  "collectedRelationships": [],
  "encounteredTypes": [
    "google_monitoring_alert_policy",
  ],
  "numCollectedEntities": 1,
  "numCollectedRelationships": 0,
}
`;
