// Jest Snapshot v1, https://goo.gl/fbAQLP

exports[`#fetchBinaryAuthorization should collect data 1`] = `
{
  "collectedEntities": [
    {
      "_class": [
        "Account",
      ],
      "_key": "projects/167984947943",
      "_rawData": [
        {
          "name": "default",
          "rawData": {
            "createTime": "2021-05-31T15:15:56.125Z",
            "displayName": "j1-gc-integration-dev-v3",
            "etag": "6nNZKrLueq5A5QHM92fcDg==",
            "name": "projects/167984947943",
            "parent": "folders/306329820365",
            "projectId": "j1-gc-integration-dev-v3",
            "state": "ACTIVE",
            "updateTime": "2021-05-31T15:15:58.148Z",
          },
        },
      ],
      "_type": "google_cloud_project",
      "createdOn": 1622474156125,
      "displayName": "j1-gc-integration-dev-v3",
      "id": "j1-gc-integration-dev-v3",
      "lifecycleState": "ACTIVE",
      "name": "projects/167984947943",
      "parent": "folders/306329820365",
      "projectId": "j1-gc-integration-dev-v3",
      "updatedOn": 1622474158148,
      "webLink": "https://console.cloud.google.com/home/dashboard?project=j1-gc-integration-dev-v3",
    },
    {
      "_class": [
        "AccessPolicy",
      ],
      "_key": "projects/j1-gc-integration-dev-v3/policy",
      "_rawData": [
        {
          "name": "default",
          "rawData": {
            "admissionWhitelistPatterns": [
              {
                "namePattern": "gcr.io/google_containers/*",
              },
              {
                "namePattern": "gcr.io/google-containers/*",
              },
              {
                "namePattern": "k8s.gcr.io/*",
              },
              {
                "namePattern": "gke.gcr.io/*",
              },
              {
                "namePattern": "gcr.io/stackdriver-agents/*",
              },
            ],
            "defaultAdmissionRule": {
              "enforcementMode": "ENFORCED_BLOCK_AND_AUDIT_LOG",
              "evaluationMode": "ALWAYS_ALLOW",
            },
            "globalPolicyEvaluationMode": "ENABLE",
            "name": "projects/j1-gc-integration-dev-v3/policy",
          },
        },
      ],
      "_type": "google_binary_authorization_policy",
      "admissionWhitelistPatterns": [
        "gcr.io/google_containers/*",
        "gcr.io/google-containers/*",
        "k8s.gcr.io/*",
        "gke.gcr.io/*",
        "gcr.io/stackdriver-agents/*",
      ],
      "createdOn": undefined,
      "displayName": "projects/j1-gc-integration-dev-v3/policy",
      "evaluationMode": "ALWAYS_ALLOW",
      "globalPolicyEvaluationMode": "ENABLE",
      "name": "projects/j1-gc-integration-dev-v3/policy",
      "updatedOn": undefined,
      "webLink": "https://console.cloud.google.com/security/binary-authorization/policy?project=j1-gc-integration-dev-v3&folder=&organizationId=",
    },
  ],
  "collectedRelationships": [
    {
      "_class": "HAS",
      "_fromEntityKey": "projects/167984947943",
      "_key": "projects/167984947943|has|projects/j1-gc-integration-dev-v3/policy",
      "_toEntityKey": "projects/j1-gc-integration-dev-v3/policy",
      "_type": "google_cloud_project_has_binary_authorization_policy",
      "displayName": "HAS",
    },
  ],
  "encounteredTypes": [
    "google_cloud_project",
    "google_binary_authorization_policy",
    "google_cloud_project_has_binary_authorization_policy",
  ],
  "numCollectedEntities": 2,
  "numCollectedRelationships": 1,
}
`;
