// Jest Snapshot v1, https://goo.gl/fbAQLP

exports[`#createProjectStorageBucketRelationships should collect data 1`] = `
Object {
  "collectedEntities": Array [
    Object {
      "_class": Array [
        "Account",
      ],
      "_key": "projects/167984947943",
      "_rawData": Array [
        Object {
          "name": "default",
          "rawData": Object {
            "createTime": "2021-05-31T15:15:56.125Z",
            "displayName": "j1-gc-integration-dev-v3",
            "etag": "CzUfI2XTWvMJgVGlic9LWA==",
            "name": "projects/167984947943",
            "parent": "folders/306329820365",
            "projectId": "j1-gc-integration-dev-v3",
            "state": "ACTIVE",
            "updateTime": "2021-05-31T15:15:58.148Z",
          },
        },
      ],
      "_type": "google_cloud_project",
      "createdOn": 1622474156125,
      "displayName": "j1-gc-integration-dev-v3",
      "id": "j1-gc-integration-dev-v3",
      "lifecycleState": "ACTIVE",
      "name": "projects/167984947943",
      "parent": "folders/306329820365",
      "projectId": "j1-gc-integration-dev-v3",
      "updatedOn": 1622474158148,
      "webLink": "https://console.cloud.google.com/home/dashboard?project=j1-gc-integration-dev-v3",
    },
    Object {
      "_class": Array [
        "DataStore",
      ],
      "_key": "bucket:dataproc-staging-europe-north1-167984947943-oqqo30p7",
      "_rawData": Array [
        Object {
          "name": "default",
          "rawData": Object {
            "etag": "CAE=",
            "iamConfiguration": Object {
              "bucketPolicyOnly": Object {
                "enabled": false,
              },
              "publicAccessPrevention": "unspecified",
              "uniformBucketLevelAccess": Object {
                "enabled": false,
              },
            },
            "id": "dataproc-staging-europe-north1-167984947943-oqqo30p7",
            "kind": "storage#bucket",
            "location": "EUROPE-NORTH1",
            "locationType": "region",
            "metageneration": "1",
            "name": "dataproc-staging-europe-north1-167984947943-oqqo30p7",
            "projectNumber": "167984947943",
            "selfLink": "https://www.googleapis.com/storage/v1/b/dataproc-staging-europe-north1-167984947943-oqqo30p7",
            "storageClass": "STANDARD",
            "timeCreated": "2021-07-20T12:47:31.280Z",
            "updated": "2021-07-20T12:47:31.280Z",
          },
        },
      ],
      "_type": "google_storage_bucket",
      "classification": null,
      "createdOn": 1626785251280,
      "displayName": "dataproc-staging-europe-north1-167984947943-oqqo30p7",
      "encrypted": true,
      "encryptionKeyRef": undefined,
      "etag": "CAE=",
      "id": "dataproc-staging-europe-north1-167984947943-oqqo30p7",
      "isSubjectToObjectAcls": true,
      "kmsKeyName": undefined,
      "location": "EUROPE-NORTH1",
      "name": "dataproc-staging-europe-north1-167984947943-oqqo30p7",
      "public": true,
      "retentionDate": undefined,
      "retentionPeriod": undefined,
      "retentionPolicyEnabled": undefined,
      "storageClass": "STANDARD",
      "uniformBucketLevelAccess": false,
      "updatedOn": 1626785251280,
      "webLink": "https://console.cloud.google.com/storage/browser/dataproc-staging-europe-north1-167984947943-oqqo30p7;tab=objects?forceOnBucketsSortingFiltering=false&project=j1-gc-integration-dev-v3",
    },
    Object {
      "_class": Array [
        "DataStore",
      ],
      "_key": "bucket:dataproc-staging-us-central1-167984947943-okmnuod7",
      "_rawData": Array [
        Object {
          "name": "default",
          "rawData": Object {
            "etag": "CAc=",
            "iamConfiguration": Object {
              "bucketPolicyOnly": Object {
                "enabled": false,
              },
              "publicAccessPrevention": "unspecified",
              "uniformBucketLevelAccess": Object {
                "enabled": false,
              },
            },
            "id": "dataproc-staging-us-central1-167984947943-okmnuod7",
            "kind": "storage#bucket",
            "location": "US-CENTRAL1",
            "locationType": "region",
            "metageneration": "7",
            "name": "dataproc-staging-us-central1-167984947943-okmnuod7",
            "projectNumber": "167984947943",
            "selfLink": "https://www.googleapis.com/storage/v1/b/dataproc-staging-us-central1-167984947943-okmnuod7",
            "storageClass": "STANDARD",
            "timeCreated": "2021-07-20T12:47:10.911Z",
            "updated": "2021-09-08T17:19:48.039Z",
          },
        },
      ],
      "_type": "google_storage_bucket",
      "classification": null,
      "createdOn": 1626785230911,
      "displayName": "dataproc-staging-us-central1-167984947943-okmnuod7",
      "encrypted": true,
      "encryptionKeyRef": undefined,
      "etag": "CAc=",
      "id": "dataproc-staging-us-central1-167984947943-okmnuod7",
      "isSubjectToObjectAcls": false,
      "kmsKeyName": undefined,
      "location": "US-CENTRAL1",
      "name": "dataproc-staging-us-central1-167984947943-okmnuod7",
      "public": true,
      "retentionDate": undefined,
      "retentionPeriod": undefined,
      "retentionPolicyEnabled": undefined,
      "storageClass": "STANDARD",
      "uniformBucketLevelAccess": false,
      "updatedOn": 1631121588039,
      "webLink": "https://console.cloud.google.com/storage/browser/dataproc-staging-us-central1-167984947943-okmnuod7;tab=objects?forceOnBucketsSortingFiltering=false&project=j1-gc-integration-dev-v3",
    },
    Object {
      "_class": Array [
        "DataStore",
      ],
      "_key": "bucket:dataproc-temp-europe-north1-167984947943-0quq0oz0",
      "_rawData": Array [
        Object {
          "name": "default",
          "rawData": Object {
            "etag": "CAE=",
            "iamConfiguration": Object {
              "bucketPolicyOnly": Object {
                "enabled": false,
              },
              "publicAccessPrevention": "unspecified",
              "uniformBucketLevelAccess": Object {
                "enabled": false,
              },
            },
            "id": "dataproc-temp-europe-north1-167984947943-0quq0oz0",
            "kind": "storage#bucket",
            "lifecycle": Object {
              "rule": Array [
                Object {
                  "action": Object {
                    "type": "Delete",
                  },
                  "condition": Object {
                    "age": 90,
                  },
                },
              ],
            },
            "location": "EUROPE-NORTH1",
            "locationType": "region",
            "metageneration": "1",
            "name": "dataproc-temp-europe-north1-167984947943-0quq0oz0",
            "projectNumber": "167984947943",
            "selfLink": "https://www.googleapis.com/storage/v1/b/dataproc-temp-europe-north1-167984947943-0quq0oz0",
            "storageClass": "STANDARD",
            "timeCreated": "2021-07-20T12:47:31.407Z",
            "updated": "2021-07-20T12:47:31.407Z",
          },
        },
      ],
      "_type": "google_storage_bucket",
      "classification": null,
      "createdOn": 1626785251407,
      "displayName": "dataproc-temp-europe-north1-167984947943-0quq0oz0",
      "encrypted": true,
      "encryptionKeyRef": undefined,
      "etag": "CAE=",
      "id": "dataproc-temp-europe-north1-167984947943-0quq0oz0",
      "isSubjectToObjectAcls": true,
      "kmsKeyName": undefined,
      "location": "EUROPE-NORTH1",
      "name": "dataproc-temp-europe-north1-167984947943-0quq0oz0",
      "public": true,
      "retentionDate": undefined,
      "retentionPeriod": undefined,
      "retentionPolicyEnabled": undefined,
      "storageClass": "STANDARD",
      "uniformBucketLevelAccess": false,
      "updatedOn": 1626785251407,
      "webLink": "https://console.cloud.google.com/storage/browser/dataproc-temp-europe-north1-167984947943-0quq0oz0;tab=objects?forceOnBucketsSortingFiltering=false&project=j1-gc-integration-dev-v3",
    },
    Object {
      "_class": Array [
        "DataStore",
      ],
      "_key": "bucket:dataproc-temp-us-central1-167984947943-c8nlqeyo",
      "_rawData": Array [
        Object {
          "name": "default",
          "rawData": Object {
            "etag": "CAE=",
            "iamConfiguration": Object {
              "bucketPolicyOnly": Object {
                "enabled": false,
              },
              "publicAccessPrevention": "unspecified",
              "uniformBucketLevelAccess": Object {
                "enabled": false,
              },
            },
            "id": "dataproc-temp-us-central1-167984947943-c8nlqeyo",
            "kind": "storage#bucket",
            "lifecycle": Object {
              "rule": Array [
                Object {
                  "action": Object {
                    "type": "Delete",
                  },
                  "condition": Object {
                    "age": 90,
                  },
                },
              ],
            },
            "location": "US-CENTRAL1",
            "locationType": "region",
            "metageneration": "1",
            "name": "dataproc-temp-us-central1-167984947943-c8nlqeyo",
            "projectNumber": "167984947943",
            "selfLink": "https://www.googleapis.com/storage/v1/b/dataproc-temp-us-central1-167984947943-c8nlqeyo",
            "storageClass": "STANDARD",
            "timeCreated": "2021-07-20T12:47:10.793Z",
            "updated": "2021-07-20T12:47:10.793Z",
          },
        },
      ],
      "_type": "google_storage_bucket",
      "classification": null,
      "createdOn": 1626785230793,
      "displayName": "dataproc-temp-us-central1-167984947943-c8nlqeyo",
      "encrypted": true,
      "encryptionKeyRef": undefined,
      "etag": "CAE=",
      "id": "dataproc-temp-us-central1-167984947943-c8nlqeyo",
      "isSubjectToObjectAcls": true,
      "kmsKeyName": undefined,
      "location": "US-CENTRAL1",
      "name": "dataproc-temp-us-central1-167984947943-c8nlqeyo",
      "public": true,
      "retentionDate": undefined,
      "retentionPeriod": undefined,
      "retentionPolicyEnabled": undefined,
      "storageClass": "STANDARD",
      "uniformBucketLevelAccess": false,
      "updatedOn": 1626785230793,
      "webLink": "https://console.cloud.google.com/storage/browser/dataproc-temp-us-central1-167984947943-c8nlqeyo;tab=objects?forceOnBucketsSortingFiltering=false&project=j1-gc-integration-dev-v3",
    },
    Object {
      "_class": Array [
        "DataStore",
      ],
      "_key": "bucket:gcf-sources-167984947943-us-central1",
      "_rawData": Array [
        Object {
          "name": "default",
          "rawData": Object {
            "cors": Array [
              Object {
                "method": Array [
                  "GET",
                ],
                "origin": Array [
                  "https://*.cloud.google.com",
                  "https://*.corp.google.com",
                  "https://*.corp.google.com:*",
                ],
              },
            ],
            "etag": "CAE=",
            "iamConfiguration": Object {
              "bucketPolicyOnly": Object {
                "enabled": true,
                "lockedTime": "2021-08-29T16:26:23.272Z",
              },
              "publicAccessPrevention": "unspecified",
              "uniformBucketLevelAccess": Object {
                "enabled": true,
                "lockedTime": "2021-08-29T16:26:23.272Z",
              },
            },
            "id": "gcf-sources-167984947943-us-central1",
            "kind": "storage#bucket",
            "location": "US-CENTRAL1",
            "locationType": "region",
            "metageneration": "1",
            "name": "gcf-sources-167984947943-us-central1",
            "projectNumber": "167984947943",
            "selfLink": "https://www.googleapis.com/storage/v1/b/gcf-sources-167984947943-us-central1",
            "storageClass": "STANDARD",
            "timeCreated": "2021-05-31T16:26:23.272Z",
            "updated": "2021-05-31T16:26:23.272Z",
          },
        },
      ],
      "_type": "google_storage_bucket",
      "classification": null,
      "createdOn": 1622478383272,
      "displayName": "gcf-sources-167984947943-us-central1",
      "encrypted": true,
      "encryptionKeyRef": undefined,
      "etag": "CAE=",
      "id": "gcf-sources-167984947943-us-central1",
      "isSubjectToObjectAcls": false,
      "kmsKeyName": undefined,
      "location": "US-CENTRAL1",
      "name": "gcf-sources-167984947943-us-central1",
      "public": false,
      "retentionDate": undefined,
      "retentionPeriod": undefined,
      "retentionPolicyEnabled": undefined,
      "storageClass": "STANDARD",
      "uniformBucketLevelAccess": true,
      "updatedOn": 1622478383272,
      "webLink": "https://console.cloud.google.com/storage/browser/gcf-sources-167984947943-us-central1;tab=objects?forceOnBucketsSortingFiltering=false&project=j1-gc-integration-dev-v3",
    },
    Object {
      "_class": Array [
        "DataStore",
      ],
      "_key": "bucket:j1-gc-integration-dev-v3-sink-logging-bucket",
      "_rawData": Array [
        Object {
          "name": "default",
          "rawData": Object {
            "etag": "CAE=",
            "iamConfiguration": Object {
              "bucketPolicyOnly": Object {
                "enabled": false,
              },
              "publicAccessPrevention": "unspecified",
              "uniformBucketLevelAccess": Object {
                "enabled": false,
              },
            },
            "id": "j1-gc-integration-dev-v3-sink-logging-bucket",
            "kind": "storage#bucket",
            "location": "US",
            "locationType": "multi-region",
            "metageneration": "1",
            "name": "j1-gc-integration-dev-v3-sink-logging-bucket",
            "projectNumber": "167984947943",
            "selfLink": "https://www.googleapis.com/storage/v1/b/j1-gc-integration-dev-v3-sink-logging-bucket",
            "storageClass": "STANDARD",
            "timeCreated": "2021-05-31T16:25:51.614Z",
            "updated": "2021-05-31T16:25:51.614Z",
          },
        },
      ],
      "_type": "google_storage_bucket",
      "classification": null,
      "createdOn": 1622478351614,
      "displayName": "j1-gc-integration-dev-v3-sink-logging-bucket",
      "encrypted": true,
      "encryptionKeyRef": undefined,
      "etag": "CAE=",
      "id": "j1-gc-integration-dev-v3-sink-logging-bucket",
      "isSubjectToObjectAcls": true,
      "kmsKeyName": undefined,
      "location": "US",
      "name": "j1-gc-integration-dev-v3-sink-logging-bucket",
      "public": true,
      "retentionDate": undefined,
      "retentionPeriod": undefined,
      "retentionPolicyEnabled": undefined,
      "storageClass": "STANDARD",
      "uniformBucketLevelAccess": false,
      "updatedOn": 1622478351614,
      "webLink": "https://console.cloud.google.com/storage/browser/j1-gc-integration-dev-v3-sink-logging-bucket;tab=objects?forceOnBucketsSortingFiltering=false&project=j1-gc-integration-dev-v3",
    },
    Object {
      "_class": Array [
        "DataStore",
      ],
      "_key": "bucket:j1-gc-integration-dev-v3-test-tf-bucket",
      "_rawData": Array [
        Object {
          "name": "default",
          "rawData": Object {
            "etag": "CAE=",
            "iamConfiguration": Object {
              "bucketPolicyOnly": Object {
                "enabled": false,
              },
              "publicAccessPrevention": "unspecified",
              "uniformBucketLevelAccess": Object {
                "enabled": false,
              },
            },
            "id": "j1-gc-integration-dev-v3-test-tf-bucket",
            "kind": "storage#bucket",
            "location": "US",
            "locationType": "multi-region",
            "metageneration": "1",
            "name": "j1-gc-integration-dev-v3-test-tf-bucket",
            "projectNumber": "167984947943",
            "selfLink": "https://www.googleapis.com/storage/v1/b/j1-gc-integration-dev-v3-test-tf-bucket",
            "storageClass": "STANDARD",
            "timeCreated": "2021-07-22T13:15:31.543Z",
            "updated": "2021-07-22T13:15:31.543Z",
          },
        },
      ],
      "_type": "google_storage_bucket",
      "classification": null,
      "createdOn": 1626959731543,
      "displayName": "j1-gc-integration-dev-v3-test-tf-bucket",
      "encrypted": true,
      "encryptionKeyRef": undefined,
      "etag": "CAE=",
      "id": "j1-gc-integration-dev-v3-test-tf-bucket",
      "isSubjectToObjectAcls": true,
      "kmsKeyName": undefined,
      "location": "US",
      "name": "j1-gc-integration-dev-v3-test-tf-bucket",
      "public": true,
      "retentionDate": undefined,
      "retentionPeriod": undefined,
      "retentionPolicyEnabled": undefined,
      "storageClass": "STANDARD",
      "uniformBucketLevelAccess": false,
      "updatedOn": 1626959731543,
      "webLink": "https://console.cloud.google.com/storage/browser/j1-gc-integration-dev-v3-test-tf-bucket;tab=objects?forceOnBucketsSortingFiltering=false&project=j1-gc-integration-dev-v3",
    },
    Object {
      "_class": Array [
        "DataStore",
      ],
      "_key": "bucket:j1-gc-integration-dev-v3cloudfunctions",
      "_rawData": Array [
        Object {
          "name": "default",
          "rawData": Object {
            "etag": "CAM=",
            "iamConfiguration": Object {
              "bucketPolicyOnly": Object {
                "enabled": false,
              },
              "publicAccessPrevention": "unspecified",
              "uniformBucketLevelAccess": Object {
                "enabled": false,
              },
            },
            "id": "j1-gc-integration-dev-v3cloudfunctions",
            "kind": "storage#bucket",
            "location": "US",
            "locationType": "multi-region",
            "metageneration": "3",
            "name": "j1-gc-integration-dev-v3cloudfunctions",
            "projectNumber": "167984947943",
            "selfLink": "https://www.googleapis.com/storage/v1/b/j1-gc-integration-dev-v3cloudfunctions",
            "storageClass": "STANDARD",
            "timeCreated": "2021-05-31T16:25:44.251Z",
            "updated": "2021-09-08T17:40:46.315Z",
          },
        },
      ],
      "_type": "google_storage_bucket",
      "classification": null,
      "createdOn": 1622478344251,
      "displayName": "j1-gc-integration-dev-v3cloudfunctions",
      "encrypted": true,
      "encryptionKeyRef": undefined,
      "etag": "CAM=",
      "id": "j1-gc-integration-dev-v3cloudfunctions",
      "isSubjectToObjectAcls": true,
      "kmsKeyName": undefined,
      "location": "US",
      "name": "j1-gc-integration-dev-v3cloudfunctions",
      "public": true,
      "retentionDate": undefined,
      "retentionPeriod": undefined,
      "retentionPolicyEnabled": undefined,
      "storageClass": "STANDARD",
      "uniformBucketLevelAccess": false,
      "updatedOn": 1631122846315,
      "webLink": "https://console.cloud.google.com/storage/browser/j1-gc-integration-dev-v3cloudfunctions;tab=objects?forceOnBucketsSortingFiltering=false&project=j1-gc-integration-dev-v3",
    },
    Object {
      "_class": Array [
        "DataStore",
      ],
      "_key": "bucket:us.artifacts.j1-gc-integration-dev-v3.appspot.com",
      "_rawData": Array [
        Object {
          "name": "default",
          "rawData": Object {
            "etag": "CAE=",
            "iamConfiguration": Object {
              "bucketPolicyOnly": Object {
                "enabled": false,
              },
              "publicAccessPrevention": "unspecified",
              "uniformBucketLevelAccess": Object {
                "enabled": false,
              },
            },
            "id": "us.artifacts.j1-gc-integration-dev-v3.appspot.com",
            "kind": "storage#bucket",
            "location": "US",
            "locationType": "multi-region",
            "metageneration": "1",
            "name": "us.artifacts.j1-gc-integration-dev-v3.appspot.com",
            "projectNumber": "167984947943",
            "selfLink": "https://www.googleapis.com/storage/v1/b/us.artifacts.j1-gc-integration-dev-v3.appspot.com",
            "storageClass": "STANDARD",
            "timeCreated": "2021-05-31T16:35:42.461Z",
            "updated": "2021-05-31T16:35:42.461Z",
          },
        },
      ],
      "_type": "google_storage_bucket",
      "classification": null,
      "createdOn": 1622478942461,
      "displayName": "us.artifacts.j1-gc-integration-dev-v3.appspot.com",
      "encrypted": true,
      "encryptionKeyRef": undefined,
      "etag": "CAE=",
      "id": "us.artifacts.j1-gc-integration-dev-v3.appspot.com",
      "isSubjectToObjectAcls": true,
      "kmsKeyName": undefined,
      "location": "US",
      "name": "us.artifacts.j1-gc-integration-dev-v3.appspot.com",
      "public": true,
      "retentionDate": undefined,
      "retentionPeriod": undefined,
      "retentionPolicyEnabled": undefined,
      "storageClass": "STANDARD",
      "uniformBucketLevelAccess": false,
      "updatedOn": 1622478942461,
      "webLink": "https://console.cloud.google.com/storage/browser/us.artifacts.j1-gc-integration-dev-v3.appspot.com;tab=objects?forceOnBucketsSortingFiltering=false&project=j1-gc-integration-dev-v3",
    },
  ],
  "collectedRelationships": Array [
    Object {
      "_class": "HAS",
      "_fromEntityKey": "projects/167984947943",
      "_key": "projects/167984947943|has|bucket:dataproc-staging-europe-north1-167984947943-oqqo30p7",
      "_toEntityKey": "bucket:dataproc-staging-europe-north1-167984947943-oqqo30p7",
      "_type": "google_cloud_project_has_storage_bucket",
      "displayName": "HAS",
    },
    Object {
      "_class": "HAS",
      "_fromEntityKey": "projects/167984947943",
      "_key": "projects/167984947943|has|bucket:dataproc-staging-us-central1-167984947943-okmnuod7",
      "_toEntityKey": "bucket:dataproc-staging-us-central1-167984947943-okmnuod7",
      "_type": "google_cloud_project_has_storage_bucket",
      "displayName": "HAS",
    },
    Object {
      "_class": "HAS",
      "_fromEntityKey": "projects/167984947943",
      "_key": "projects/167984947943|has|bucket:dataproc-temp-europe-north1-167984947943-0quq0oz0",
      "_toEntityKey": "bucket:dataproc-temp-europe-north1-167984947943-0quq0oz0",
      "_type": "google_cloud_project_has_storage_bucket",
      "displayName": "HAS",
    },
    Object {
      "_class": "HAS",
      "_fromEntityKey": "projects/167984947943",
      "_key": "projects/167984947943|has|bucket:dataproc-temp-us-central1-167984947943-c8nlqeyo",
      "_toEntityKey": "bucket:dataproc-temp-us-central1-167984947943-c8nlqeyo",
      "_type": "google_cloud_project_has_storage_bucket",
      "displayName": "HAS",
    },
    Object {
      "_class": "HAS",
      "_fromEntityKey": "projects/167984947943",
      "_key": "projects/167984947943|has|bucket:gcf-sources-167984947943-us-central1",
      "_toEntityKey": "bucket:gcf-sources-167984947943-us-central1",
      "_type": "google_cloud_project_has_storage_bucket",
      "displayName": "HAS",
    },
    Object {
      "_class": "HAS",
      "_fromEntityKey": "projects/167984947943",
      "_key": "projects/167984947943|has|bucket:j1-gc-integration-dev-v3-sink-logging-bucket",
      "_toEntityKey": "bucket:j1-gc-integration-dev-v3-sink-logging-bucket",
      "_type": "google_cloud_project_has_storage_bucket",
      "displayName": "HAS",
    },
    Object {
      "_class": "HAS",
      "_fromEntityKey": "projects/167984947943",
      "_key": "projects/167984947943|has|bucket:j1-gc-integration-dev-v3-test-tf-bucket",
      "_toEntityKey": "bucket:j1-gc-integration-dev-v3-test-tf-bucket",
      "_type": "google_cloud_project_has_storage_bucket",
      "displayName": "HAS",
    },
    Object {
      "_class": "HAS",
      "_fromEntityKey": "projects/167984947943",
      "_key": "projects/167984947943|has|bucket:j1-gc-integration-dev-v3cloudfunctions",
      "_toEntityKey": "bucket:j1-gc-integration-dev-v3cloudfunctions",
      "_type": "google_cloud_project_has_storage_bucket",
      "displayName": "HAS",
    },
    Object {
      "_class": "HAS",
      "_fromEntityKey": "projects/167984947943",
      "_key": "projects/167984947943|has|bucket:us.artifacts.j1-gc-integration-dev-v3.appspot.com",
      "_toEntityKey": "bucket:us.artifacts.j1-gc-integration-dev-v3.appspot.com",
      "_type": "google_cloud_project_has_storage_bucket",
      "displayName": "HAS",
    },
  ],
  "encounteredTypes": Array [
    "google_cloud_project",
    "google_storage_bucket",
    "google_cloud_project_has_storage_bucket",
  ],
  "numCollectedEntities": 10,
  "numCollectedRelationships": 9,
}
`;

exports[`#fetchCloudStorageBuckets should collect data 1`] = `
Object {
  "collectedEntities": Array [
    Object {
      "_class": Array [
        "DataStore",
      ],
      "_key": "bucket:gcf-sources-711888229551-us-central1",
      "_rawData": Array [
        Object {
          "name": "default",
          "rawData": Object {
            "cors": Array [
              Object {
                "method": Array [
                  "GET",
                ],
                "origin": Array [
                  "https://*.cloud.google.com",
                  "https://*.corp.google.com",
                  "https://*.corp.google.com:*",
                ],
              },
            ],
            "etag": "CAE=",
            "iamConfiguration": Object {
              "bucketPolicyOnly": Object {
                "enabled": true,
                "lockedTime": "2021-05-19T00:04:30.131Z",
              },
              "uniformBucketLevelAccess": Object {
                "enabled": true,
                "lockedTime": "2021-05-19T00:04:30.131Z",
              },
            },
            "id": "gcf-sources-711888229551-us-central1",
            "kind": "storage#bucket",
            "location": "US-CENTRAL1",
            "locationType": "region",
            "metageneration": "1",
            "name": "gcf-sources-711888229551-us-central1",
            "projectNumber": "711888229551",
            "selfLink": "https://www.googleapis.com/storage/v1/b/gcf-sources-711888229551-us-central1",
            "storageClass": "STANDARD",
            "timeCreated": "2021-02-18T00:04:30.131Z",
            "updated": "2021-02-18T00:04:30.131Z",
          },
        },
      ],
      "_type": "google_storage_bucket",
      "classification": null,
      "createdOn": 1613606670131,
      "displayName": "gcf-sources-711888229551-us-central1",
      "encrypted": true,
      "encryptionKeyRef": undefined,
      "etag": "CAE=",
      "id": "gcf-sources-711888229551-us-central1",
      "isSubjectToObjectAcls": false,
      "kmsKeyName": undefined,
      "location": "US-CENTRAL1",
      "name": "gcf-sources-711888229551-us-central1",
      "public": false,
      "retentionDate": undefined,
      "retentionPeriod": undefined,
      "retentionPolicyEnabled": undefined,
      "storageClass": "STANDARD",
      "uniformBucketLevelAccess": true,
      "updatedOn": 1613606670131,
      "webLink": "https://console.cloud.google.com/storage/browser/gcf-sources-711888229551-us-central1;tab=objects?forceOnBucketsSortingFiltering=false&project=j1-gc-integration-dev-v2",
    },
    Object {
      "_class": Array [
        "DataStore",
      ],
      "_key": "bucket:j1-gc-integration-dev-v2-sink-logging-bucket",
      "_rawData": Array [
        Object {
          "name": "default",
          "rawData": Object {
            "etag": "CAE=",
            "iamConfiguration": Object {
              "bucketPolicyOnly": Object {
                "enabled": false,
              },
              "uniformBucketLevelAccess": Object {
                "enabled": false,
              },
            },
            "id": "j1-gc-integration-dev-v2-sink-logging-bucket",
            "kind": "storage#bucket",
            "location": "US",
            "locationType": "multi-region",
            "metageneration": "1",
            "name": "j1-gc-integration-dev-v2-sink-logging-bucket",
            "projectNumber": "711888229551",
            "selfLink": "https://www.googleapis.com/storage/v1/b/j1-gc-integration-dev-v2-sink-logging-bucket",
            "storageClass": "STANDARD",
            "timeCreated": "2021-02-18T00:31:30.869Z",
            "updated": "2021-02-18T00:31:30.869Z",
          },
        },
      ],
      "_type": "google_storage_bucket",
      "classification": null,
      "createdOn": 1613608290869,
      "displayName": "j1-gc-integration-dev-v2-sink-logging-bucket",
      "encrypted": true,
      "encryptionKeyRef": undefined,
      "etag": "CAE=",
      "id": "j1-gc-integration-dev-v2-sink-logging-bucket",
      "isSubjectToObjectAcls": true,
      "kmsKeyName": undefined,
      "location": "US",
      "name": "j1-gc-integration-dev-v2-sink-logging-bucket",
      "public": true,
      "retentionDate": undefined,
      "retentionPeriod": undefined,
      "retentionPolicyEnabled": undefined,
      "storageClass": "STANDARD",
      "uniformBucketLevelAccess": false,
      "updatedOn": 1613608290869,
      "webLink": "https://console.cloud.google.com/storage/browser/j1-gc-integration-dev-v2-sink-logging-bucket;tab=objects?forceOnBucketsSortingFiltering=false&project=j1-gc-integration-dev-v2",
    },
    Object {
      "_class": Array [
        "DataStore",
      ],
      "_key": "bucket:j1-gc-integration-dev-v2cloudfunctions",
      "_rawData": Array [
        Object {
          "name": "default",
          "rawData": Object {
            "etag": "CAE=",
            "iamConfiguration": Object {
              "bucketPolicyOnly": Object {
                "enabled": false,
              },
              "uniformBucketLevelAccess": Object {
                "enabled": false,
              },
            },
            "id": "j1-gc-integration-dev-v2cloudfunctions",
            "kind": "storage#bucket",
            "location": "US",
            "locationType": "multi-region",
            "metageneration": "1",
            "name": "j1-gc-integration-dev-v2cloudfunctions",
            "projectNumber": "711888229551",
            "selfLink": "https://www.googleapis.com/storage/v1/b/j1-gc-integration-dev-v2cloudfunctions",
            "storageClass": "STANDARD",
            "timeCreated": "2021-02-17T23:05:05.322Z",
            "updated": "2021-02-17T23:05:05.322Z",
          },
        },
      ],
      "_type": "google_storage_bucket",
      "classification": null,
      "createdOn": 1613603105322,
      "displayName": "j1-gc-integration-dev-v2cloudfunctions",
      "encrypted": true,
      "encryptionKeyRef": undefined,
      "etag": "CAE=",
      "id": "j1-gc-integration-dev-v2cloudfunctions",
      "isSubjectToObjectAcls": true,
      "kmsKeyName": undefined,
      "location": "US",
      "name": "j1-gc-integration-dev-v2cloudfunctions",
      "public": true,
      "retentionDate": undefined,
      "retentionPeriod": undefined,
      "retentionPolicyEnabled": undefined,
      "storageClass": "STANDARD",
      "uniformBucketLevelAccess": false,
      "updatedOn": 1613603105322,
      "webLink": "https://console.cloud.google.com/storage/browser/j1-gc-integration-dev-v2cloudfunctions;tab=objects?forceOnBucketsSortingFiltering=false&project=j1-gc-integration-dev-v2",
    },
    Object {
      "_class": Array [
        "DataStore",
      ],
      "_key": "bucket:us.artifacts.j1-gc-integration-dev-v2.appspot.com",
      "_rawData": Array [
        Object {
          "name": "default",
          "rawData": Object {
            "etag": "CAE=",
            "iamConfiguration": Object {
              "bucketPolicyOnly": Object {
                "enabled": false,
              },
              "uniformBucketLevelAccess": Object {
                "enabled": false,
              },
            },
            "id": "us.artifacts.j1-gc-integration-dev-v2.appspot.com",
            "kind": "storage#bucket",
            "location": "US",
            "locationType": "multi-region",
            "metageneration": "1",
            "name": "us.artifacts.j1-gc-integration-dev-v2.appspot.com",
            "projectNumber": "711888229551",
            "selfLink": "https://www.googleapis.com/storage/v1/b/us.artifacts.j1-gc-integration-dev-v2.appspot.com",
            "storageClass": "STANDARD",
            "timeCreated": "2021-02-18T00:25:22.127Z",
            "updated": "2021-02-18T00:25:22.127Z",
          },
        },
      ],
      "_type": "google_storage_bucket",
      "classification": null,
      "createdOn": 1613607922127,
      "displayName": "us.artifacts.j1-gc-integration-dev-v2.appspot.com",
      "encrypted": true,
      "encryptionKeyRef": undefined,
      "etag": "CAE=",
      "id": "us.artifacts.j1-gc-integration-dev-v2.appspot.com",
      "isSubjectToObjectAcls": true,
      "kmsKeyName": undefined,
      "location": "US",
      "name": "us.artifacts.j1-gc-integration-dev-v2.appspot.com",
      "public": true,
      "retentionDate": undefined,
      "retentionPeriod": undefined,
      "retentionPolicyEnabled": undefined,
      "storageClass": "STANDARD",
      "uniformBucketLevelAccess": false,
      "updatedOn": 1613607922127,
      "webLink": "https://console.cloud.google.com/storage/browser/us.artifacts.j1-gc-integration-dev-v2.appspot.com;tab=objects?forceOnBucketsSortingFiltering=false&project=j1-gc-integration-dev-v2",
    },
  ],
  "collectedRelationships": Array [],
  "encounteredTypes": Array [
    "google_storage_bucket",
  ],
  "numCollectedEntities": 4,
  "numCollectedRelationships": 0,
}
`;
