// Jest Snapshot v1, https://goo.gl/fbAQLP

exports[`#secret-manager should collect data 1`] = `
Object {
  "collectedEntities": Array [
    Object {
      "_class": Array [
        "Group",
      ],
      "_key": "projects/167984947943/secrets/topsecret",
      "_rawData": Array [
        Object {
          "name": "default",
          "rawData": Object {
            "createTime": "2022-08-10T13:39:10.097472Z",
            "name": "projects/167984947943/secrets/topsecret",
            "replication": Object {
              "automatic": Object {},
            },
          },
        },
      ],
      "_type": "google_secret_manager_secret",
      "automaticReplicationKmsKeyName": undefined,
      "createdAt": 1660138750097,
      "createdOn": undefined,
      "displayName": "projects/167984947943/secrets/topsecret",
      "expiresAt": undefined,
      "name": "projects/167984947943/secrets/topsecret",
      "nextRotationTime": undefined,
      "rotationPeriod": undefined,
      "topicNames": undefined,
      "ttl": undefined,
    },
    Object {
      "_class": Array [
        "Group",
      ],
      "_key": "projects/167984947943/secrets/topsecret2",
      "_rawData": Array [
        Object {
          "name": "default",
          "rawData": Object {
            "createTime": "2022-08-10T14:20:01.704458Z",
            "name": "projects/167984947943/secrets/topsecret2",
            "replication": Object {
              "automatic": Object {},
            },
          },
        },
      ],
      "_type": "google_secret_manager_secret",
      "automaticReplicationKmsKeyName": undefined,
      "createdAt": 1660141201704,
      "createdOn": undefined,
      "displayName": "projects/167984947943/secrets/topsecret2",
      "expiresAt": undefined,
      "name": "projects/167984947943/secrets/topsecret2",
      "nextRotationTime": undefined,
      "rotationPeriod": undefined,
      "topicNames": undefined,
      "ttl": undefined,
    },
    Object {
      "_class": Array [
        "Secret",
      ],
      "_key": "projects/167984947943/secrets/topsecret/versions/2",
      "_rawData": Array [
        Object {
          "name": "default",
          "rawData": Object {
            "createTime": "2022-08-10T14:19:20.840979Z",
            "name": "projects/167984947943/secrets/topsecret/versions/2",
            "state": "ENABLED",
          },
        },
      ],
      "_type": "google_secret_manager_secret_version",
      "createdAt": 1660141160840,
      "createdOn": undefined,
      "destroyTime": undefined,
      "displayName": "projects/167984947943/secrets/topsecret/versions/2",
      "name": "projects/167984947943/secrets/topsecret/versions/2",
    },
    Object {
      "_class": Array [
        "Secret",
      ],
      "_key": "projects/167984947943/secrets/topsecret/versions/1",
      "_rawData": Array [
        Object {
          "name": "default",
          "rawData": Object {
            "createTime": "2022-08-10T13:39:12.521669Z",
            "name": "projects/167984947943/secrets/topsecret/versions/1",
            "state": "ENABLED",
          },
        },
      ],
      "_type": "google_secret_manager_secret_version",
      "createdAt": 1660138752521,
      "createdOn": undefined,
      "destroyTime": undefined,
      "displayName": "projects/167984947943/secrets/topsecret/versions/1",
      "name": "projects/167984947943/secrets/topsecret/versions/1",
    },
    Object {
      "_class": Array [
        "Secret",
      ],
      "_key": "projects/167984947943/secrets/topsecret2/versions/1",
      "_rawData": Array [
        Object {
          "name": "default",
          "rawData": Object {
            "createTime": "2022-08-10T14:20:04.160121Z",
            "name": "projects/167984947943/secrets/topsecret2/versions/1",
            "state": "ENABLED",
          },
        },
      ],
      "_type": "google_secret_manager_secret_version",
      "createdAt": 1660141204160,
      "createdOn": undefined,
      "destroyTime": undefined,
      "displayName": "projects/167984947943/secrets/topsecret2/versions/1",
      "name": "projects/167984947943/secrets/topsecret2/versions/1",
    },
  ],
  "collectedRelationships": Array [
    Object {
      "_class": "HAS",
      "_fromEntityKey": "projects/167984947943/secrets/topsecret",
      "_key": "projects/167984947943/secrets/topsecret|has|projects/167984947943/secrets/topsecret/versions/2",
      "_toEntityKey": "projects/167984947943/secrets/topsecret/versions/2",
      "_type": "google_secret_manager_secret_has_version",
      "displayName": "HAS",
    },
    Object {
      "_class": "HAS",
      "_fromEntityKey": "projects/167984947943/secrets/topsecret",
      "_key": "projects/167984947943/secrets/topsecret|has|projects/167984947943/secrets/topsecret/versions/1",
      "_toEntityKey": "projects/167984947943/secrets/topsecret/versions/1",
      "_type": "google_secret_manager_secret_has_version",
      "displayName": "HAS",
    },
    Object {
      "_class": "HAS",
      "_fromEntityKey": "projects/167984947943/secrets/topsecret2",
      "_key": "projects/167984947943/secrets/topsecret2|has|projects/167984947943/secrets/topsecret2/versions/1",
      "_toEntityKey": "projects/167984947943/secrets/topsecret2/versions/1",
      "_type": "google_secret_manager_secret_has_version",
      "displayName": "HAS",
    },
  ],
  "encounteredTypes": Array [
    "google_secret_manager_secret",
    "google_secret_manager_secret_version",
    "google_secret_manager_secret_has_version",
  ],
  "numCollectedEntities": 5,
  "numCollectedRelationships": 3,
}
`;
