// Jest Snapshot v1, https://goo.gl/fbAQLP

exports[`#createIamBindingEntity should convert to entity 1`] = `
{
  "_class": [
    "AccessPolicy",
  ],
  "_key": "binding|project:projects/123456789|resource:resource|role:projects/j1-gc-integration-dev-v3/roles/167984947943customroleconditions|members:d67596848eadce677215c99cb8d085373e61df54|condition:resource.name != "bogusunknownresourcename"",
  "_rawData": [
    {
      "name": "default",
      "rawData": {
        "condition": {
          "description": "Test condition description",
          "expression": "resource.name != "bogusunknownresourcename"",
          "title": "Test condition title",
        },
        "members": [
          "serviceAccount:j1-gc-integration-dev-sa-tf@j1-gc-integration-dev-v3.iam.gserviceaccount.com",
        ],
        "role": "projects/j1-gc-integration-dev-v3/roles/167984947943customroleconditions",
      },
    },
  ],
  "_type": "google_iam_binding",
  "condition.description": "Test condition description",
  "condition.expression": "resource.name != "bogusunknownresourcename"",
  "condition.location": undefined,
  "condition.title": "Test condition title",
  "createdOn": undefined,
  "displayName": "Role Binding for Resource: resource",
  "folders": [
    "folders/1212121212",
    "folders/3434343434",
  ],
  "members": [
    "serviceAccount:j1-gc-integration-dev-sa-tf@j1-gc-integration-dev-v3.iam.gserviceaccount.com",
  ],
  "name": "role_binding_for_resourceresource",
  "organization": "organizations/5656565656",
  "permissions": [
    "storage.admin",
    "storage.objects.list",
  ],
  "projectId": "project-id",
  "projectName": "projects/123456789",
  "readonly": true,
  "resource": "resource",
  "role": "projects/j1-gc-integration-dev-v3/roles/167984947943customroleconditions",
}
`;
