// Jest Snapshot v1, https://goo.gl/fbAQLP

exports[`#fetchIamBindings should create Binding and Role entities, Direct Relationships with resources and principals ingested, and Mapped Relationships with resources and principals not ingested. 1`] = `
Object {
  "collectedEntities": 654,
  "collectedRelationships": 931,
  "encounteredTypes": Array [
    "google_cloud_organization",
    "google_cloud_folder",
    "google_cloud_organization_has_folder",
    "google_cloud_folder_has_folder",
    "google_cloud_project",
    "google_organization_has_project",
    "google_folder_has_project",
    "google_iam_role",
    "google_iam_service_account",
    "google_iam_service_account_key",
    "google_iam_service_account_has_key",
    "google_iam_binding",
    "google_iam_binding_assigned_user",
    "google_iam_binding_assigned_service_account",
    "google_iam_binding_assigned_role",
    "google_iam_binding_assigned_everyone",
    "google_iam_binding_assigned_group",
    "google_iam_binding_assigned_domain",
    "google_iam_binding_uses_role",
    "google_iam_binding_allows_cloud_project",
    "google_iam_binding_allows_service_account",
    "google_iam_binding_allows_storage_bucket",
    "google_iam_binding_allows_kms_crypto_key",
    "google_iam_binding_allows_cloud_folder",
    "google_iam_binding_allows_bigquery_dataset",
    "google_iam_binding_allows_kms_key_ring",
    "google_iam_binding_allows_billing_account",
    "google_iam_binding_allows_cloud_organization",
    "google_iam_binding_allows_cloud_function",
    "google_cloud_api_service",
    "google_cloud_project_has_api_service",
    "google_cloud_api_service_has_storage_bucket",
    "google_cloud_api_service_has_bigquery_dataset",
    "google_cloud_api_service_has_kms_crypto_key",
    "google_cloud_api_service_has_kms_key_ring",
    "google_cloud_api_service_has_function",
  ],
  "numCollectedEntities": 654,
  "numCollectedRelationships": 931,
}
`;
