// Jest Snapshot v1, https://goo.gl/fbAQLP

exports[`#createBillingAccountEntity should convert to entity 1`] = `
{
  "_class": [
    "Account",
  ],
  "_key": "sample-name",
  "_rawData": [
    {
      "name": "default",
      "rawData": {
        "displayName": "sample-display-name",
        "masterBillingAccount": "sample-account",
        "name": "sample-name",
        "open": true,
      },
    },
  ],
  "_type": "google_billing_account",
  "createdOn": undefined,
  "displayName": "sample-display-name",
  "masterBillingAccount": "sample-account",
  "name": "sample-name",
  "open": true,
}
`;
