// Jest Snapshot v1, https://goo.gl/fbAQLP

exports[`#fetchBillingAccounts should collect data 1`] = `
{
  "collectedEntities": [
    {
      "_class": [
        "Account",
      ],
      "_key": "billingAccounts/01694E-12D60B-BEBCE5",
      "_rawData": [
        {
          "name": "default",
          "rawData": {
            "displayName": "My Billing Account",
            "masterBillingAccount": "",
            "name": "billingAccounts/01694E-12D60B-BEBCE5",
            "open": true,
          },
        },
      ],
      "_type": "google_billing_account",
      "createdOn": undefined,
      "displayName": "My Billing Account",
      "masterBillingAccount": "",
      "name": "billingAccounts/01694E-12D60B-BEBCE5",
      "open": true,
    },
  ],
  "collectedRelationships": [],
  "encounteredTypes": [
    "google_billing_account",
  ],
  "numCollectedEntities": 1,
  "numCollectedRelationships": 0,
}
`;
