// Jest Snapshot v1, https://goo.gl/fbAQLP

exports[`#fetchContainerClusters should collect data 1`] = `
{
  "collectedEntities": [
    {
      "_class": [
        "Cluster",
      ],
      "_key": "google_container_cluster:d9692112289a4badbb83026dfa7ccd1567435b5823b647b3b71d969a55cd905a",
      "_rawData": [
        {
          "name": "default",
          "rawData": {
            "addonsConfig": {
              "dnsCacheConfig": {},
              "gcePersistentDiskCsiDriverConfig": {
                "enabled": true,
              },
              "horizontalPodAutoscaling": {},
              "httpLoadBalancing": {},
              "kubernetesDashboard": {
                "disabled": true,
              },
              "networkPolicyConfig": {
                "disabled": true,
              },
            },
            "authenticatorGroupsConfig": {},
            "autoscaling": {
              "autoscalingProfile": "BALANCED",
            },
            "clusterIpv4Cidr": "10.32.0.0/14",
            "createTime": "2022-03-08T17:25:10+00:00",
            "currentMasterVersion": "1.21.6-gke.1503",
            "currentNodeCount": 1,
            "currentNodeVersion": "1.21.6-gke.1503",
            "databaseEncryption": {
              "state": "DECRYPTED",
            },
            "defaultMaxPodsConstraint": {
              "maxPodsPerNode": "110",
            },
            "description": "example description",
            "endpoint": "35.225.113.218",
            "id": "d9692112289a4badbb83026dfa7ccd1567435b5823b647b3b71d969a55cd905a",
            "initialClusterVersion": "1.21.6-gke.1503",
            "instanceGroupUrls": [
              "https://www.googleapis.com/compute/v1/projects/j1-gc-integration-dev-v3/zones/us-central1-c/instanceGroupManagers/gke-cluster-new-example-default-pool-bdda069a-grp",
            ],
            "ipAllocationPolicy": {
              "clusterIpv4Cidr": "10.32.0.0/14",
              "clusterIpv4CidrBlock": "10.32.0.0/14",
              "clusterSecondaryRangeName": "gke-cluster-new-example-pods-d9692112",
              "servicesIpv4Cidr": "10.36.0.0/20",
              "servicesIpv4CidrBlock": "10.36.0.0/20",
              "servicesSecondaryRangeName": "gke-cluster-new-example-services-d9692112",
              "useIpAliases": true,
            },
            "labelFingerprint": "5bb9be72",
            "legacyAbac": {},
            "location": "us-central1-c",
            "locations": [
              "us-central1-c",
            ],
            "loggingConfig": {
              "componentConfig": {
                "enableComponents": [
                  "SYSTEM_COMPONENTS",
                  "WORKLOADS",
                ],
              },
            },
            "loggingService": "logging.googleapis.com/kubernetes",
            "maintenancePolicy": {
              "resourceVersion": "e3b0c442",
            },
            "masterAuth": {
              "clusterCaCertificate": "LS0tLS1CRUdJTiBDRVJUSUZJQ0FURS0tLS0tCk1JSUVMRENDQXBTZ0F3SUJBZ0lRWTlDdytFV1Q5TVBKbFhQVHdCQTNyREFOQmdrcWhraUc5dzBCQVFzRkFEQXYKTVMwd0t3WURWUVFERXlRNE5qTTVOV00wTVMwMU9EQTJMVFE1TW1JdFlUSTVPUzFsTmpFMk1qRmlZalEzTnpndwpJQmNOTWpJd016QTRNVFl5TlRFd1doZ1BNakExTWpBeU1qa3hOekkxTVRCYU1DOHhMVEFyQmdOVkJBTVRKRGcyCk16azFZelF4TFRVNE1EWXRORGt5WWkxaE1qazVMV1UyTVRZeU1XSmlORGMzT0RDQ0FhSXdEUVlKS29aSWh2Y04KQVFFQkJRQURnZ0dQQURDQ0FZb0NnZ0dCQUpoTnlKNDBMLzBLN09yazlzUitIaEQrQmZMbC9tR29PU1pWM0JTRAppRlR6MytCWWN1M2hNY1UyTWVibGR5MnRTcTkzTzhkRk5IeUE3d1VNbTJXWHo2ZS90SURRanZIWW8weUtmU01FCjYzZ2haQVVuNElURzY4M0FwV1lLYktMUWh3dnd4YUdCSEtLdVJSTUdNL29TUm9aL3BIbzA4Q1VkWUw5aFFFcTkKd3BzSXZqbkFYenoyRzFrQStPWDZuQzBLZzJQQ2hubUpzMTFyK3BKdzQ0bDc3NmlNdTEzeGRCNjRobFVWRW1DTAoyM3VoUFhOYXlIelBvZjkyL0s1dE5FN3VEcGRzOXJEK0Y5RzgrTm5hOGxQZzFHRnhXdDdTckUrbGs2aTZBcSswClZ4WDFhWkRXN0RuelluNXF1VlBpdUo0VXdUVGM1VXlHSG9NTHExVm5YdVNaa0tPeExibnBOL3NYMzRHdE90OVEKTmcvdjhTa2M1VmIzckd5L2oyV1NRUlFrVHpnbGkzOGNrTDVoeDhoRE96cjlGRENTUDVYa0tyZmlzb2hKeXAvUQp0dlpLNWhZSUhEZlVtb2taQTNGK0lVcTBZakhCVjZLcWk2ekIxYVk2eGhlVDdTTVN4b1FHUThUZ29GZ1lqeWppCnh5MkFBWHJpang3Qk5PMi9XbmRMY2dNbjB3SURBUUFCbzBJd1FEQU9CZ05WSFE4QkFmOEVCQU1DQWdRd0R3WUQKVlIwVEFRSC9CQVV3QXdFQi96QWRCZ05WSFE0RUZnUVVJVjAwNjlLRzI5cEcxVCtmQnZHR2hGVVJoYkl3RFFZSgpLb1pJaHZjTkFRRUxCUUFEZ2dHQkFBa3llT3JtUGduWTd0TG9xckZXM1pZbkwwRU0yRHpjRVZGb2p2aUFiYm1LCnpoV2k3OGlSemdRM1hPVUR5bnIwai95cm04RHU3RE9sSmQ2T2RGQnpPM3pQVzkxU2w0YnhWZWo4b3E3L3lxZTYKck0wR0M2UDBZUVBqTmVkRnY5SEhjbXg4MmFxaElEMCtGY2FnVzQrbXByVVUzblFLc0FoSFppMHBvNEhja2JYZgpjbm9xNms1MmZMQmlkSFNzWVY3cEdCSVRicXJWVTMwQ1YvVVRhRUN2VDVXVm0rZ1BDMnk2SHdQVGdmVUNLTnNHCjFLS3g2OW5MdjJNeFhGZVFSUDhOcnM5ZE1SWjV3S3ZLRms0UzdvQ3hmNUMrYlpudHhjeGtwTWZqQ1d2OXM5TjkKekpPcis2ZWxCOEcvNS9OaUdyMWszM29Lb3ZQTk5ZWmg0aWkrT0tUM3lVVUZsVEwxbWZlcWNqcVlabkFyVTlTSQpyWW1hRUtUTUhLSytkb2d3MFZkWDVYTWZiY0xSS0tmUnRvckpBTXhHaFZCWUtDU1ZRTXF3M1FFdXlDdFNLcjRrCkFsckk0TVhzWnBNY3dGMDI2NzlTaENwSzA1UUVKaTNGb1NZQ0QwMDhMdHMwQTBlaVJzZlA3UGVQbUZXMDZBOHIKMkdUbGc4TTdURWg1dloxbDBOSHlSdz09Ci0tLS0tRU5EIENFUlRJRklDQVRFLS0tLS0K",
            },
            "masterAuthorizedNetworksConfig": {},
            "monitoringConfig": {
              "componentConfig": {
                "enableComponents": [
                  "SYSTEM_COMPONENTS",
                ],
              },
            },
            "monitoringService": "monitoring.googleapis.com/kubernetes",
            "name": "cluster-new-example",
            "network": "default",
            "networkConfig": {
              "datapathProvider": "LEGACY_DATAPATH",
              "defaultSnatStatus": {},
              "network": "projects/j1-gc-integration-dev-v3/global/networks/default",
              "serviceExternalIpsConfig": {},
              "subnetwork": "projects/j1-gc-integration-dev-v3/regions/us-central1/subnetworks/default",
            },
            "nodeConfig": {
              "diskSizeGb": 20,
              "diskType": "pd-standard",
              "imageType": "COS_CONTAINERD",
              "labels": {
                "example-k8s-label-1": "test-value",
                "example-k8s-label-2": "",
              },
              "machineType": "e2-micro",
              "metadata": {
                "disable-legacy-endpoints": "true",
                "example-metadata-1": "test-value",
                "example-metadata-2": " ",
              },
              "oauthScopes": [
                "https://www.googleapis.com/auth/devstorage.read_only",
                "https://www.googleapis.com/auth/logging.write",
                "https://www.googleapis.com/auth/monitoring",
                "https://www.googleapis.com/auth/servicecontrol",
                "https://www.googleapis.com/auth/service.management.readonly",
                "https://www.googleapis.com/auth/trace.append",
              ],
              "serviceAccount": "default",
              "shieldedInstanceConfig": {
                "enableIntegrityMonitoring": true,
              },
              "tags": [
                "network-tag-test",
              ],
            },
            "nodePoolAutoConfig": {},
            "nodePoolDefaults": {
              "nodeConfigDefaults": {},
            },
            "notificationConfig": {
              "pubsub": {},
            },
            "releaseChannel": {
              "channel": "REGULAR",
            },
            "resourceLabels": {
              "cluster-metadata-test-1": "example-value-1",
              "cluster-metadata-test-2": "",
            },
            "selfLink": "https://container.googleapis.com/v1/projects/j1-gc-integration-dev-v3/zones/us-central1-c/clusters/cluster-new-example",
            "servicesIpv4Cidr": "10.36.0.0/20",
            "shieldedNodes": {
              "enabled": true,
            },
            "status": "RUNNING",
            "subnetwork": "default",
            "zone": "us-central1-c",
          },
        },
      ],
      "_type": "google_container_cluster",
      "abacEnabled": false,
      "active": undefined,
      "basicAuthenticationEnabled": false,
      "binaryAuthorizationEnabled": false,
      "clientCertificatesEnabled": false,
      "clusterIpv4Cidr": "10.32.0.0/14",
      "createdOn": 1646760310000,
      "currentMasterVersion": "1.21.6-gke.1503",
      "currentNodeCount": 1,
      "databaseEncryptionKey": undefined,
      "databaseEncryptionState": "DECRYPTED",
      "description": "example description",
      "displayName": "cluster-new-example",
      "endpoint": "35.225.113.218",
      "id": "d9692112289a4badbb83026dfa7ccd1567435b5823b647b3b71d969a55cd905a",
      "initialClusterVersion": "1.21.6-gke.1503",
      "initialNodeCode": undefined,
      "instanceGroupUrls": [
        "https://www.googleapis.com/compute/v1/projects/j1-gc-integration-dev-v3/zones/us-central1-c/instanceGroupManagers/gke-cluster-new-example-default-pool-bdda069a-grp",
      ],
      "intraNodeVisibilityEnabled": false,
      "isAlphaCluster": false,
      "kubernetesDashboardEnabled": false,
      "location": "us-central1-c",
      "locations": [
        "us-central1-c",
      ],
      "loggingService": "logging.googleapis.com/kubernetes",
      "masterAuthorizedNetworksEnabled": false,
      "metadata.description": "example description",
      "metadata.labels.cluster-metadata-test-1": "example-value-1",
      "metadata.labels.cluster-metadata-test-2": "",
      "monitoringService": "monitoring.googleapis.com/kubernetes",
      "name": "cluster-new-example",
      "network": "projects/j1-gc-integration-dev-v3/global/networks/default",
      "networkPolicyConfigEnabled": false,
      "networkPolicyEnabled": false,
      "nodeDiskSizeGb": 20,
      "nodeDiskType": "pd-standard",
      "nodeEnableIntegrityMonitoring": true,
      "nodeEnableSecureBoot": undefined,
      "nodeImageType": "COS_CONTAINERD",
      "nodeIpv4CidrSize": undefined,
      "nodeMachineType": "e2-micro",
      "nodeOAuthScopes": [
        "https://www.googleapis.com/auth/devstorage.read_only",
        "https://www.googleapis.com/auth/logging.write",
        "https://www.googleapis.com/auth/monitoring",
        "https://www.googleapis.com/auth/servicecontrol",
        "https://www.googleapis.com/auth/service.management.readonly",
        "https://www.googleapis.com/auth/trace.append",
      ],
      "nodePreemptible": undefined,
      "privateEndpointEnabled": false,
      "privateNodesEnabled": false,
      "rbacEnabled": false,
      "releaseChannel": "REGULAR",
      "servicesIpv4Cidr": "10.36.0.0/20",
      "shieldedNodesEnabled": true,
      "status": "RUNNING",
      "subnetwork": "projects/j1-gc-integration-dev-v3/regions/us-central1/subnetworks/default",
      "useIpAliases": true,
      "useRoutes": false,
      "webLink": "https://console.cloud.google.com/kubernetes/clusters/details/us-central1-c/cluster-new-example/details?folder=&organizationId=&project=j1-gc-integration-dev-v3",
      "workloadIdentity": undefined,
    },
    {
      "_class": [
        "Group",
      ],
      "_key": "https://container.googleapis.com/v1/projects/j1-gc-integration-dev-v3/zones/us-central1-c/clusters/cluster-new-example/nodePools/default-pool",
      "_rawData": [
        {
          "name": "default",
          "rawData": {
            "autoscaling": {},
            "config": {
              "diskSizeGb": 20,
              "diskType": "pd-standard",
              "imageType": "COS_CONTAINERD",
              "labels": {
                "example-k8s-label-1": "test-value",
                "example-k8s-label-2": "",
              },
              "machineType": "e2-micro",
              "metadata": {
                "disable-legacy-endpoints": "true",
                "example-metadata-1": "test-value",
                "example-metadata-2": " ",
              },
              "oauthScopes": [
                "https://www.googleapis.com/auth/devstorage.read_only",
                "https://www.googleapis.com/auth/logging.write",
                "https://www.googleapis.com/auth/monitoring",
                "https://www.googleapis.com/auth/servicecontrol",
                "https://www.googleapis.com/auth/service.management.readonly",
                "https://www.googleapis.com/auth/trace.append",
              ],
              "serviceAccount": "default",
              "shieldedInstanceConfig": {
                "enableIntegrityMonitoring": true,
              },
              "tags": [
                "network-tag-test",
              ],
            },
            "initialNodeCount": 1,
            "instanceGroupUrls": [
              "https://www.googleapis.com/compute/v1/projects/j1-gc-integration-dev-v3/zones/us-central1-c/instanceGroupManagers/gke-cluster-new-example-default-pool-bdda069a-grp",
            ],
            "locations": [
              "us-central1-c",
            ],
            "management": {
              "autoRepair": true,
              "autoUpgrade": true,
            },
            "maxPodsConstraint": {
              "maxPodsPerNode": "110",
            },
            "name": "default-pool",
            "networkConfig": {
              "podIpv4CidrBlock": "10.32.0.0/14",
              "podRange": "gke-cluster-new-example-pods-d9692112",
            },
            "podIpv4CidrSize": 24,
            "selfLink": "https://container.googleapis.com/v1/projects/j1-gc-integration-dev-v3/zones/us-central1-c/clusters/cluster-new-example/nodePools/default-pool",
            "status": "RUNNING",
            "upgradeSettings": {
              "maxSurge": 1,
            },
            "version": "1.21.6-gke.1503",
          },
        },
      ],
      "_type": "google_container_node_pool",
      "active": undefined,
      "autoRepairEnabled": true,
      "autoUpgradeEnabled": true,
      "bootDiskKmsKey": undefined,
      "createdOn": undefined,
      "displayName": "default-pool",
      "gkeMetadataServerEnabled": false,
      "gkeSandboxEnabled": false,
      "imageType": "COS_CONTAINERD",
      "initialNodeCount": 1,
      "integrityMonitoringEnabled": true,
      "legacyEndpointsDisabled": true,
      "metadata.gce.disable-legacy-endpoints": "true",
      "metadata.gce.example-metadata-1": "test-value",
      "metadata.gce.example-metadata-2": " ",
      "metadata.labels.example-k8s-label-1": "test-value",
      "metadata.labels.example-k8s-label-2": "",
      "metadata.networkTags": [
        "network-tag-test",
      ],
      "name": "default-pool",
      "podIpv4CidrSize": 24,
      "secureBootEnabled": false,
      "serviceAccount": "default",
      "status": "RUNNING",
      "statusMessage": undefined,
      "version": "1.21.6-gke.1503",
      "webLink": "https://console.cloud.google.com/kubernetes/nodepool/us-central1-c/cluster-new-example/default-pool?folder=&organizationId=&project=j1-gc-integration-dev-v3",
    },
  ],
  "collectedRelationships": [
    {
      "_class": "HAS",
      "_fromEntityKey": "google_container_cluster:d9692112289a4badbb83026dfa7ccd1567435b5823b647b3b71d969a55cd905a",
      "_key": "google_container_cluster:d9692112289a4badbb83026dfa7ccd1567435b5823b647b3b71d969a55cd905a|has|https://container.googleapis.com/v1/projects/j1-gc-integration-dev-v3/zones/us-central1-c/clusters/cluster-new-example/nodePools/default-pool",
      "_toEntityKey": "https://container.googleapis.com/v1/projects/j1-gc-integration-dev-v3/zones/us-central1-c/clusters/cluster-new-example/nodePools/default-pool",
      "_type": "google_container_cluster_has_node_pool",
      "displayName": "HAS",
    },
  ],
  "encounteredTypes": [
    "google_container_cluster",
    "google_container_node_pool",
    "google_container_cluster_has_node_pool",
  ],
  "numCollectedEntities": 2,
  "numCollectedRelationships": 1,
}
`;
