// Jest Snapshot v1, https://goo.gl/fbAQLP

exports[`#createDataprocClusterEntity should convert to entity 1`] = `
{
  "_class": [
    "Cluster",
  ],
  "_key": "projects/sample-project-id/regions/sample-region/clusters/sample-cluster-name",
  "_rawData": [
    {
      "name": "default",
      "rawData": {
        "clusterName": "sample-cluster-name",
        "clusterUuid": "12345678-8d9f-1234-5678-65cf0691abd0",
        "config": {
          "configBucket": "dataproc-staging-europe-north1-167984947943-oqqo30p7",
          "encryptionConfig": {
            "gcePdKmsKeyName": "sample-key",
          },
          "gceClusterConfig": {
            "networkUri": "https://www.googleapis.com/compute/v1/projects/j1-gc-integration-dev-v3/global/networks/default",
            "zoneUri": "https://www.googleapis.com/compute/v1/projects/j1-gc-integration-dev-v3/zones/europe-north1-b",
          },
          "masterConfig": {
            "imageUri": "https://www.googleapis.com/compute/v1/projects/cloud-dataproc/global/images/dataproc-2-0-deb10-20210711-000000-rc01",
            "machineTypeUri": "https://www.googleapis.com/compute/v1/projects/j1-gc-integration-dev-v3/zones/europe-north1-b/machineTypes/n1-standard-4",
            "minCpuPlatform": "AUTOMATIC",
            "numInstances": 1,
            "preemptibility": "NON_PREEMPTIBLE",
          },
          "softwareConfig": {
            "imageVersion": "2.0.13-debian10",
          },
          "tempBucket": "dataproc-temp-europe-north1-167984947943-0quq0oz0",
          "workerConfig": {
            "imageUri": "https://www.googleapis.com/compute/v1/projects/cloud-dataproc/global/images/dataproc-2-0-deb10-20210711-000000-rc01",
            "machineTypeUri": "https://www.googleapis.com/compute/v1/projects/j1-gc-integration-dev-v3/zones/europe-north1-b/machineTypes/n1-standard-4",
            "minCpuPlatform": "AUTOMATIC",
            "numInstances": 2,
            "preemptibility": "NON_PREEMPTIBLE",
          },
        },
        "labels": {
          "goog-dataproc-location": "sample-region",
        },
        "projectId": "sample-project-id",
        "status": {
          "state": "RUNNING",
        },
      },
    },
  ],
  "_type": "google_dataproc_cluster",
  "active": true,
  "configBucket": "dataproc-staging-europe-north1-167984947943-oqqo30p7",
  "createdOn": undefined,
  "crossRealmTrustAdminServer": undefined,
  "crossRealmTrustKdc": undefined,
  "crossRealmTrustRealm": undefined,
  "crossRealmTrustSharedPasswordUri": undefined,
  "displayName": "sample-cluster-name",
  "enableKerberos": undefined,
  "encrypted": true,
  "id": "12345678-8d9f-1234-5678-65cf0691abd0",
  "kdcDbKeyUri": undefined,
  "keyPasswordUri": undefined,
  "keystorePasswordUri": undefined,
  "keystoreUri": undefined,
  "kmsKeyName": "sample-key",
  "kmsKeyUri": undefined,
  "masterConfigImageUri": "https://www.googleapis.com/compute/v1/projects/cloud-dataproc/global/images/dataproc-2-0-deb10-20210711-000000-rc01",
  "masterConfigMachineTypeUri": "https://www.googleapis.com/compute/v1/projects/j1-gc-integration-dev-v3/zones/europe-north1-b/machineTypes/n1-standard-4",
  "masterConfigMinCpuPlatform": "AUTOMATIC",
  "masterConfigNumInstances": 1,
  "masterConfigPreemptibility": "NON_PREEMPTIBLE",
  "name": "sample-cluster-name",
  "networkUri": "https://www.googleapis.com/compute/v1/projects/j1-gc-integration-dev-v3/global/networks/default",
  "realm": undefined,
  "rootPrincipalPasswordUri": undefined,
  "softwareConfigImageVersion": "2.0.13-debian10",
  "status": "RUNNING",
  "tag.goog-dataproc-location": "sample-region",
  "tempBucket": "dataproc-temp-europe-north1-167984947943-0quq0oz0",
  "tgtLifetimeHours": undefined,
  "truststorePasswordUri": undefined,
  "truststoreUri": undefined,
  "webLink": "https://console.cloud.google.com/dataproc/clusters/sample-cluster-name/monitoring?region=sample-region&project=sample-project-id",
  "workerConfigImageUri": "https://www.googleapis.com/compute/v1/projects/cloud-dataproc/global/images/dataproc-2-0-deb10-20210711-000000-rc01",
  "workerConfigMachineTypeUri": "https://www.googleapis.com/compute/v1/projects/j1-gc-integration-dev-v3/zones/europe-north1-b/machineTypes/n1-standard-4",
  "workerConfigMinCpuPlatform": "AUTOMATIC",
  "workerConfigNumInstances": 2,
  "workerConfigPreemptibility": "NON_PREEMPTIBLE",
  "zoneUri": "https://www.googleapis.com/compute/v1/projects/j1-gc-integration-dev-v3/zones/europe-north1-b",
}
`;
