// Jest Snapshot v1, https://goo.gl/fbAQLP

exports[`Build Project and Cloud Deploy Service Relationship should collect data 1`] = `
{
  "collectedEntities": [
    {
      "_class": [
        "Service",
      ],
      "_key": "google_cloud_deploy_service:local-integration-instance",
      "_rawData": [],
      "_type": "google_cloud_deploy_service",
      "category": [
        "other",
      ],
      "createdOn": undefined,
      "displayName": "Google Cloud Deploy Service",
      "function": [
        "provisioning",
      ],
      "instanceId": "local-integration-instance",
      "name": "Google Cloud Deploy Service",
      "organizationId": "958457776463",
      "projectId": undefined,
    },
    {
      "_class": [
        "Account",
      ],
      "_key": "projects/167984947943",
      "_rawData": [
        {
          "name": "default",
          "rawData": {
            "createTime": "2021-05-31T15:15:56.125Z",
            "displayName": "j1-gc-integration-dev-v3",
            "etag": "W/"8f56735f6f3d890d"",
            "labels": {
              "firebase": "enabled",
            },
            "name": "projects/167984947943",
            "parent": "folders/306329820365",
            "projectId": "j1-gc-integration-dev-v3",
            "state": "ACTIVE",
            "updateTime": "2024-02-27T16:17:58.322524Z",
          },
        },
      ],
      "_type": "google_cloud_project",
      "createdOn": 1622474156125,
      "displayName": "j1-gc-integration-dev-v3",
      "id": "j1-gc-integration-dev-v3",
      "lifecycleState": "ACTIVE",
      "name": "projects/167984947943",
      "parent": "folders/306329820365",
      "projectId": "j1-gc-integration-dev-v3",
      "tag.firebase": "enabled",
      "updatedOn": 1709050678322,
      "webLink": "https://console.cloud.google.com/home/dashboard?project=j1-gc-integration-dev-v3",
    },
  ],
  "collectedRelationships": [
    {
      "_class": "HAS",
      "_fromEntityKey": "projects/167984947943",
      "_key": "projects/167984947943|has|google_cloud_deploy_service:local-integration-instance",
      "_toEntityKey": "google_cloud_deploy_service:local-integration-instance",
      "_type": "google_cloud_project_has_deploy_service",
      "displayName": "HAS",
    },
  ],
  "encounteredTypes": [
    "google_cloud_deploy_service",
    "google_cloud_project",
    "google_cloud_project_has_deploy_service",
  ],
  "numCollectedEntities": 2,
  "numCollectedRelationships": 1,
}
`;
